---
source: crates/typechecker/tests/typechecker/diagnostics.rs
expression: output
---
[E0301] Error: no `map` function found for type `Bag[Int]`
    ╭─[ ../../tests/fixtures/traits/hkt_monomorphic_no_functor.kr:12:11 ]
    │
 12 │   let _ = map(b, inc)
    │           ─────┬─────  
    │                ╰─────── E0301: no `map` function found for type `Bag[Int]`
    │ 
    │ Help: add `deriving (Functor)` to `Bag`, or write `impl Functor[Bag]`
────╯
