---
source: crates/parser/tests/parser_test.rs
expression: module
---
decls:
  - Import:
      platform: ~
      is_pub: true
      path: core/option
      names:
        - name: Option
          alias: ~
        - name: Some
          alias: ~
        - name: None
          alias: ~
      span:
        - 0
        - 43
