---
source: crates/ir/tests/lower_test.rs
expression: ir_module.to_string()
---
module ownership__own_fn_nested

fn consume(v0: ~String) -> String =
  v0

fn make_nested(v1: ~String) -> ~() -> ~() -> String =
  let v6: ~() -> ~() -> String = make_closure(lambda$50, [v1])
  v6

fn test(v7: ~String) -> String =
  let v8: ~() -> ~() -> String = call make_nested(v7)
  let v9: ~() -> String = call_closure v8()
  let v10: String = call_closure v9()
  v10

fn lambda$51(v3: h) -> String =
  let v4: String = call consume(v3)
  v4

fn lambda$50(v2: f) -> ~() -> String =
  let v5: ~() -> String = make_closure(lambda$51, [v2])
  v5
