---
source: crates/ir/tests/lower_test.rs
expression: ir_module.to_string()
---
module stdlib__list_filter

import core/peek/peek as peek(h) -> h
import core/list/last as last(List[u3]) -> Option[u3]
import core/list/sort_by as sort_by(List[z5], (z5) -> o5) -> List[z5]
import core/list/fold as fold(List[w1], y1, (y1, w1) -> y1) -> y1
import core/list/map as map(List[y], (y) -> a1) -> List[a1]
import core/vec/to_list as to_list(Vec[c8]) -> List[c8]
import core/io/println as println(m) -> Unit
import core/option/Some as Some(e) -> Option[e]
import core/result/Ok as Ok(g) -> Result[f, g]
import core/result/Err as Err(f) -> Result[f, g]
import core/list/Cons as Cons(h, List[h]) -> List[h]
import core/list/length as length(List[p]) -> Int
import core/list/filter as filter(List[j1], (j1) -> Bool) -> List[j1]
declare filter: (List[j1], (j1) -> Bool) -> List[j1]
declare length: (List[p]) -> Int
declare println: (m) -> Unit

fn main() -> Unit =
  let v1: ~List[Int] = construct List::Nil#1()
  let v2: ~List[Int] = construct List::Cons#0(3, v1)
  let v3: ~List[Int] = construct List::Cons#0(2, v2)
  let v4: ~List[Int] = construct List::Cons#0(1, v3)
  let v8: (Int) -> Bool = make_closure(lambda$27, [])
  let v9: List[Int] = call filter(v4, v8)
  let v10: Int = call length(v9)
  let v0: Dict[core/show.Show, Int] = get_dict core/show.Show[Int]
  let v11: Unit = call println(v0, v10)
  v11

fn lambda$27(v5: Int) -> Bool =
  let v6: Dict[core/ord.Ord, Int] = get_dict core/ord.Ord[Int]
  let v7: Bool = trait_call core/ord.Ord.lt(v6, 1, v5)
  v7
