---
source: crates/ir/tests/lower_test.rs
expression: ir_module.to_string()
---
module ownership__own_fn_in_list

import core/peek/peek as peek(h): h
import core/list/last as last(List[u3]): Option[u3]
import core/list/sort_by as sort_by(List[z5], (z5) -> o5): List[z5]
import core/list/filter as filter(List[j1], (j1) -> Bool): List[j1]
import core/list/fold as fold(List[w1], y1, (y1, w1) -> y1): y1
import core/list/map as map(List[y], (y) -> a1): List[a1]
import core/vec/to_list as to_list(Vec[c8]): List[c8]
import core/io/println as println(o): Unit
import core/option/Some as Some(e): Option[e]
import core/result/Ok as Ok(g): Result[f, g]
import core/result/Err as Err(f): Result[f, g]
import core/list/Cons as Cons(h, List[h]): List[h]
fn consume(v0: ~String) -> String =
  v0

fn test(v1: ~String) -> String =
  let v4: ~() -> String = make_closure(lambda$47, [v1])
  let v5: ~List[~() -> String] = construct List::Nil#1()
  let v6: ~List[~() -> String] = construct List::Cons#0(v4, v5)
  switch v6 {
    0 (v7: ~() -> String, v8: List[h]) ->
      let v9: String = call_closure v7()
      v9
    1 ->
      "empty"
  }

fn lambda$47(v2: ~String) -> String =
  let v3: String = call consume(v2)
  v3
