---
source: crates/ir/tests/lower_test.rs
expression: ir_module.to_string()
---
module resources__resource_let_pattern

type Handle = MkHandle#0(String)
declare println: (m) -> Unit

fn make_pair() -> (Int, ~Handle) =
  let v0: ~Handle = construct Handle::MkHandle#0("test")
  let v1: (~Int, ~Handle) = tuple(1, v0)
  v1

fn main() -> Unit =
  let v2: (Int, ~Handle) = call make_pair()
  let v3: Int = tuple_project v2.0
  let v4: ~Handle = tuple_project v2.1
  let v5: Unit = call println("opened")
  v5
