---
source: crates/ir/tests/lower_test.rs
expression: linked.to_string()
---
module constrained_ref_cross_module_apply

type List[h] = Cons#0(h, List[h]) | Nil#1
type Option[g] = Some#0(g) | None#1
type Ordering = LT#0 | EQ#1 | GT#2
type Result[g, h] = Ok#0(h) | Err#1(g)
declare core/map/vec_to_list: (Vec[h7]) -> List[h7]
declare core/vec/list_filter: (List[h1], (h1) -> Bool) -> List[h1]
declare core/vec/list_fold: (List[t1], u1, (u1, t1) -> u1) -> u1
declare core/vec/list_length: (List[o]) -> Int
declare core/vec/list_map: (List[w], (w) -> y) -> List[y]
declare core/vec/list_sort_by: (Dict, List[w5], (w5) -> l5) -> List[w5]
declare eq: (Dict, g, g) -> Bool
declare lt: (Dict, h, h) -> Bool
declare panic: (String) -> e
declare raw_print
declare raw_println
declare show: (Dict, g) -> String
declare staticContainsKey
declare staticDelete
declare staticEmpty
declare staticEntries
declare staticFreeze
declare staticGet
declare staticGetUnsafe
declare staticKeys
declare staticLength
declare staticMerge
declare staticNew
declare staticPut
declare staticSet
declare staticSize
declare staticValues

fn main() -> Unit =
  let v0: (Int) -> String = make_closure(render_it, [])
  let_join v7(v5: Bool) =
    let v1: Dict = get_dict Show[Bool]
    let v6: Unit = call println(v1, v5)
    v6
  in
  let v2: Dict = get_dict Eq[String]
  let v3: String = call apply_to_int(v0, 42)
  let v4: Bool = call eq(v2, v3, "42")
  jump v7(v4)

fn constrained_ref_hof/apply_to_int(v8: (Int) -> String, v9: Int) -> String =
  let v10: String = call_closure v8(v9)
  v10

fn constrained_ref_lib/render_it(v11: Dict, v12: t7) -> String =
  let v13: String = call show(v11, v12)
  v13

fn core/io/println(v14: Dict, v15: m) -> Unit =
  let v16: String = call show(v14, v15)
  let v17: Unit = call raw_println(v16)
  v17

fn core/io/print(v18: Dict, v19: u) -> Unit =
  let v20: String = call show(v18, v19)
  let v21: Unit = call raw_print(v20)
  v21

fn core/list/length(v22: List[o]) -> Int =
  switch v22 {
    1 ->
      0
    0 (v23: h, v24: List[h]) ->
      let v25: Int = call core/list/length(v24)
      let v26: Int = add_int(1, v25)
      v26
  }

fn core/list/map(v27: List[w], v28: (w) -> y) -> List[y] =
  switch v27 {
    1 ->
      let v29: ~List[y] = construct List::Nil#1()
      v29
    0 (v30: h, v31: List[h]) ->
      let v32: y = call_closure v28(v30)
      let v33: List[y] = call map(v31, v28)
      let v34: ~List[y] = construct List::Cons#0(v32, v33)
      v34
  }

fn core/list/filter(v35: List[h1], v36: (h1) -> Bool) -> List[h1] =
  switch v35 {
    1 ->
      let v37: ~List[h1] = construct List::Nil#1()
      v37
    0 (v38: h, v39: List[h]) ->
      let v40: Bool = call_closure v36(v38)
      switch v40 {
        1 ->
          let v41: List[h1] = call filter(v39, v36)
          let v42: ~List[h1] = construct List::Cons#0(v38, v41)
          v42
        _ ->
          let v43: List[h1] = call filter(v39, v36)
          v43
      }
  }

fn core/list/fold(v44: List[t1], v45: u1, v46: (u1, t1) -> u1) -> u1 =
  switch v44 {
    1 ->
      v45
    0 (v47: h, v48: List[h]) ->
      let v49: u1 = call_closure v46(v45, v47)
      let v50: u1 = call fold(v48, v49, v46)
      v50
  }

fn core/list/concat(v51: List[b2], v52: List[b2]) -> List[b2] =
  switch v51 {
    1 ->
      v52
    0 (v53: h, v54: List[h]) ->
      let v55: List[b2] = call core/list/concat(v54, v52)
      let v56: ~List[b2] = construct List::Cons#0(v53, v55)
      v56
  }

fn core/list/reverse(v57: List[k2]) -> List[k2] =
  let_join v65(v59: ~List[k2]) =
    let v63: (List[k2], k2) -> ~List[k2] = make_closure(core/list/lambda$19, [])
    let v64: List[k2] = call fold(v57, v59, v63)
    v64
  in
  let v58: ~List[k2] = construct List::Nil#1()
  jump v65(v58)

fn core/list/head(v66: List[y2]) -> Option[y2] =
  switch v66 {
    0 (v67: h, v68: List[h]) ->
      let v69: ~Option[y2] = construct Option::Some#0(v67)
      v69
    1 ->
      let v70: ~Option[y2] = construct Option::None#1()
      v70
  }

fn core/list/tail(v71: List[f3]) -> Option[List[f3]] =
  switch v71 {
    0 (v72: h, v73: List[h]) ->
      let v74: ~Option[List[f3]] = construct Option::Some#0(v73)
      v74
    1 ->
      let v75: ~Option[List[f3]] = construct Option::None#1()
      v75
  }

fn core/list/last(v76: List[r3]) -> Option[r3] =
  switch v76 {
    0 (v77: h, v78: List[h]) ->
      switch v78 {
        1 ->
          let v79: ~Option[r3] = construct Option::Some#0(v77)
          v79
        _ ->
          let v80: Option[r3] = call last(v78)
          v80
      }
    1 ->
      let v81: ~Option[r3] = construct Option::None#1()
      v81
  }

fn core/list/split(v82: List[f4]) -> (List[f4], List[f4]) =
  switch v82 {
    1 ->
      let_join v89(v84: ~List[f4]) =
        let_join v88(v86: ~List[f4]) =
          let v87: (~List[f4], ~List[f4]) = tuple(v84, v86)
          v87
        in
        let v85: ~List[f4] = construct List::Nil#1()
        jump v88(v85)
      in
      let v83: ~List[f4] = construct List::Nil#1()
      jump v89(v83)
    0 (v90: h, v91: List[h]) ->
      switch v91 {
        1 ->
          let v92: ~List[f4] = construct List::Nil#1()
          let v93: ~List[f4] = construct List::Cons#0(v90, v92)
          let_join v97(v95: ~List[f4]) =
            let v96: (~List[f4], ~List[f4]) = tuple(v93, v95)
            v96
          in
          let v94: ~List[f4] = construct List::Nil#1()
          jump v97(v94)
        0 (v98: h, v99: List[h]) ->
          let v100: (List[f4], List[f4]) = call core/list/split(v99)
          let v101: List[f4] = tuple_project v100.0
          let v102: List[f4] = tuple_project v100.1
          let v103: ~List[f4] = construct List::Cons#0(v90, v101)
          let v104: ~List[f4] = construct List::Cons#0(v98, v102)
          let v105: (~List[f4], ~List[f4]) = tuple(v103, v104)
          v105
      }
  }

fn core/list/merge_by(v106: Dict, v107: List[w4], v108: List[w4], v109: (w4) -> y4) -> List[w4] =
  switch v107 {
    1 ->
      v108
    0 (v110: h, v111: List[h]) ->
      switch v108 {
        1 ->
          v107
        0 (v112: h, v113: List[h]) ->
          let_join v124(v117: Bool) =
            switch v117 {
              1 ->
                let v118: ~List[w4] = construct List::Cons#0(v112, v113)
                let v119: List[w4] = call core/list/merge_by(v106, v111, v118, v109)
                let v120: ~List[w4] = construct List::Cons#0(v110, v119)
                v120
              _ ->
                let v121: ~List[w4] = construct List::Cons#0(v110, v111)
                let v122: List[w4] = call core/list/merge_by(v106, v121, v113, v109)
                let v123: ~List[w4] = construct List::Cons#0(v112, v122)
                v123
            }
          in
          let v114: y4 = call_closure v109(v110)
          let v115: y4 = call_closure v109(v112)
          let v116: Bool = call lt(v106, v114, v115)
          jump v124(v116)
      }
  }

fn core/list/sort_by(v125: Dict, v126: List[w5], v127: (w5) -> l5) -> List[w5] =
  switch v126 {
    1 ->
      let v128: ~List[w5] = construct List::Nil#1()
      v128
    0 (v129: h, v130: List[h]) ->
      switch v130 {
        1 ->
          v126
        _ ->
          let v131: (List[w5], List[w5]) = call core/list/split(v126)
          let v132: List[w5] = tuple_project v131.0
          let v133: List[w5] = tuple_project v131.1
          let v134: List[w5] = call sort_by(v125, v132, v127)
          let v135: List[w5] = call sort_by(v125, v133, v127)
          let v136: List[w5] = call core/list/merge_by(v125, v134, v135, v127)
          v136
      }
    _ ->
      let v137: (List[w5], List[w5]) = call core/list/split(v126)
      let v138: List[w5] = tuple_project v137.0
      let v139: List[w5] = tuple_project v137.1
      let v140: List[w5] = call sort_by(v125, v138, v127)
      let v141: List[w5] = call sort_by(v125, v139, v127)
      let v142: List[w5] = call core/list/merge_by(v125, v140, v141, v127)
      v142
  }

fn core/list/lambda$19(v60: List[k2], v61: k2) -> ~List[k2] =
  let v62: ~List[k2] = construct List::Cons#0(v61, v60)
  v62

fn core/map/empty() -> Map[r8, s8] =
  let v143: Map[r8, s8] = call staticEmpty()
  v143

fn core/map/put(v144: Dict, v145: Dict, v146: Map[w8, x8], v147: w8, v148: x8) -> Map[w8, x8] =
  let v149: j9 = v144
  let v150: m9 = v145
  let v151: Map[w8, x8] = call staticPut(v146, v147, v148, v149, v150)
  v151

fn core/map/get(v152: Dict, v153: Dict, v154: Map[p9, c10], v155: p9) -> Option[c10] =
  let v156: Bool = call staticContainsKey(v154, v155)
  switch v156 {
    1 ->
      let v157: c10 = call staticGetUnsafe(v154, v155)
      let v158: ~Option[c10] = construct Option::Some#0(v157)
      v158
    _ ->
      let v159: ~Option[c10] = construct Option::None#1()
      v159
  }

fn core/map/delete(v160: Dict, v161: Dict, v162: Map[e10, f10], v163: e10) -> Map[e10, f10] =
  let v164: Map[e10, f10] = call staticDelete(v162, v163)
  v164

fn core/map/contains(v165: Dict, v166: Dict, v167: Map[n10, o10], v168: n10) -> Bool =
  let v169: Bool = call staticContainsKey(v167, v168)
  v169

fn core/map/keys(v170: Map[y10, w10]) -> List[y10] =
  let v171: Vec[y10] = call staticKeys(v170)
  let v172: List[y10] = call core/map/vec_to_list(v171)
  v172

fn core/map/values(v173: Map[e11, h11]) -> List[h11] =
  let v174: Vec[h11] = call staticValues(v173)
  let v175: List[h11] = call core/map/vec_to_list(v174)
  v175

fn core/map/entries_go(v176: Object, v177: Int, v178: List[(n11, o11)]) -> List[(n11, o11)] =
  let_join v189(v181: Bool) =
    switch v181 {
      1 ->
        v178
      _ ->
        let v182: Int = sub_int(v177, 2)
        let v183: Int = sub_int(v177, 1)
        let v184: n11 = call staticGet(v176, v183)
        let v185: o11 = call staticGet(v176, v177)
        let v186: (n11, o11) = tuple(v184, v185)
        let v187: ~List[(n11, o11)] = construct List::Cons#0(v186, v178)
        let v188: List[(n11, o11)] = call core/map/entries_go(v176, v182, v187)
        v188
    }
  in
  let v179: Dict = get_dict Ord[Int]
  let v180: Bool = call lt(v179, v177, 0)
  jump v189(v180)

fn core/map/entries(v190: Map[i12, j12]) -> List[(i12, j12)] =
  let v191: h12 = call staticEntries(v190)
  let v192: Int = call staticLength(v191)
  let v193: Int = sub_int(v192, 1)
  let_join v197(v195: ~List[(i12, j12)]) =
    let v196: List[(i12, j12)] = call core/map/entries_go(v191, v193, v195)
    v196
  in
  let v194: ~List[(i12, j12)] = construct List::Nil#1()
  jump v197(v194)

fn core/map/from_list(v198: Dict, v199: Dict, v200: List[(c13, d13)]) -> Map[c13, d13] =
  let v201: Map[c13, d13] = call core/map/empty()
  let v209: (Map[c13, d13], (c13, d13)) -> Map[c13, d13] = make_closure(core/map/lambda$38, [v198, v199])
  let v210: Map[c13, d13] = call fold(v200, v201, v209)
  v210

fn core/map/size(v211: Map[j13, k13]) -> Int =
  let v212: Int = call staticSize(v211)
  v212

fn core/map/merge(v213: Dict, v214: Dict, v215: Map[p13, q13], v216: Map[p13, q13]) -> Map[p13, q13] =
  let v217: Map[p13, q13] = call staticMerge(v215, v216)
  v217

fn core/map/lambda$38(v202: Dict, v203: Dict, v204: Map[c13, d13], v205: (c13, d13)) -> Map[c13, d13] =
  let v206: c13 = tuple_project v205.0
  let v207: d13 = tuple_project v205.1
  let v208: Map[c13, d13] = call core/map/put(v202, v203, v204, v206, v207)
  v208

fn core/option/unwrap(v218: Option[o]) -> o =
  switch v218 {
    0 (v219: g) ->
      v219
    1 ->
      let v220: o = call panic("None")
      v220
  }

fn core/peek/peek(v221: h) -> h =
  v221

fn core/vec/len(v222: Vec[d6]) -> Int =
  let v223: Int = call staticLength(v222)
  v223

fn core/vec/nth(v224: Vec[q6], v225: Int) -> Option[q6] =
  let_join v238(v228: Bool) =
    switch v228 {
      1 ->
        let v229: ~Option[q6] = construct Option::None#1()
        v229
      _ ->
        let_join v237(v233: Bool) =
          switch v233 {
            1 ->
              let v234: q6 = call staticGet(v224, v225)
              let v235: ~Option[q6] = construct Option::Some#0(v234)
              v235
            _ ->
              let v236: ~Option[q6] = construct Option::None#1()
              v236
          }
        in
        let v230: Dict = get_dict Ord[Int]
        let v231: Int = call staticLength(v224)
        let v232: Bool = call lt(v230, v225, v231)
        jump v237(v232)
    }
  in
  let v226: Dict = get_dict Ord[Int]
  let v227: Bool = call lt(v226, v225, 0)
  jump v238(v227)

fn core/vec/vec_from_vec_go(v239: Vec[y6], v240: Int, v241: List[y6]) -> List[y6] =
  let_join v249(v244: Bool) =
    switch v244 {
      1 ->
        v241
      _ ->
        let v245: Int = sub_int(v240, 1)
        let v246: y6 = call staticGet(v239, v240)
        let v247: ~List[y6] = construct List::Cons#0(v246, v241)
        let v248: List[y6] = call core/vec/vec_from_vec_go(v239, v245, v247)
        v248
    }
  in
  let v242: Dict = get_dict Ord[Int]
  let v243: Bool = call lt(v242, v240, 0)
  jump v249(v243)

fn core/vec/to_list(v250: Vec[h7]) -> List[h7] =
  let v251: Int = call staticLength(v250)
  let v252: Int = sub_int(v251, 1)
  let_join v256(v254: ~List[h7]) =
    let v255: List[h7] = call core/vec/vec_from_vec_go(v250, v252, v254)
    v255
  in
  let v253: ~List[h7] = construct List::Nil#1()
  jump v256(v253)

fn core/vec/from_list_go(v257: List[r7], v258: Vec[r7], v259: Int) -> Vec[r7] =
  switch v257 {
    1 ->
      let v260: Vec[r7] = call staticFreeze(v258)
      v260
    0 (v261: a, v262: List[a]) ->
      let v263: Unit = call staticSet(v258, v259, v261)
      let v264: Int = add_int(v259, 1)
      let v265: Vec[r7] = call core/vec/from_list_go(v262, v258, v264)
      v265
  }

fn core/vec/from_list(v266: List[d8]) -> Vec[d8] =
  let v267: Int = call core/vec/list_length(v266)
  let v268: Vec[a8] = call staticNew(v267)
  let v269: Vec[d8] = call core/vec/from_list_go(v266, v268, 0)
  v269

fn core/vec/last(v270: Vec[n8]) -> Option[n8] =
  let v271: Int = call staticLength(v270)
  let_join v279(v274: Bool) =
    switch v274 {
      1 ->
        let v275: ~Option[n8] = construct Option::None#1()
        v275
      _ ->
        let v276: Int = sub_int(v271, 1)
        let v277: n8 = call staticGet(v270, v276)
        let v278: ~Option[n8] = construct Option::Some#0(v277)
        v278
    }
  in
  let v272: Dict = get_dict Ord[Int]
  let v273: Bool = call lt(v272, v271, 1)
  jump v279(v273)

fn core/vec/filter(v280: Vec[v8], v281: (v8) -> Bool) -> Vec[v8] =
  let v282: List[v8] = call to_list(v280)
  let v283: List[v8] = call core/vec/list_filter(v282, v281)
  let v284: Vec[v8] = call core/vec/from_list(v283)
  v284

fn core/vec/map(v285: Vec[g9], v286: (g9) -> f9) -> Vec[f9] =
  let v287: List[g9] = call to_list(v285)
  let v288: List[f9] = call core/vec/list_map(v287, v286)
  let v289: Vec[f9] = call core/vec/from_list(v288)
  v289

fn core/vec/fold(v290: Vec[r9], v291: t9, v292: (t9, r9) -> t9) -> t9 =
  let v293: List[r9] = call to_list(v290)
  let v294: t9 = call core/vec/list_fold(v293, v291, v292)
  v294

fn core/vec/sort_by(v295: Dict, v296: Vec[v9], v297: (v9) -> w9) -> Vec[v9] =
  let v298: List[v9] = call to_list(v296)
  let v299: List[v9] = call core/vec/list_sort_by(v295, v298, v297)
  let v300: Vec[v9] = call core/vec/from_list(v299)
  v300
