---
source: crates/ir/tests/lower_test.rs
expression: ir_module.to_string()
---
module modules__use_user_trait

type Greeting = MkGreeting#0(String)
declare display: (Dict, s7) -> String
declare println: (Dict, m) -> Unit

fn main() -> Unit =
  let v1: ~Greeting = construct Greeting::MkGreeting#0("hi")
  let v2: Dict = get_dict Printable[Greeting]
  let v3: String = call display(v2, v1)
  let v0: Dict = get_dict Show[String]
  let v4: Unit = call println(v0, v3)
  v4
