---
source: crates/ir/tests/lower_test.rs
expression: ir_module.to_string()
---
module traits__constrained_instance_unconstrained_regression

type Box = Box#0(Int)
declare eq: (Dict, g, g) -> Bool
declare println: (m) -> Unit
declare show: (Dict, g) -> String

fn main() -> Unit =
  let_join v7(v5: Bool) =
    let v6: Unit = call println(v5)
    v6
  in
  let v0: Dict = get_dict Eq[String]
  let v1: ~Box = construct Box::Box#0(1)
  let v2: Dict = get_dict Show[Box]
  let v3: String = call show(v2, v1)
  let v4: Bool = call eq(v0, v3, "box")
  jump v7(v4)
