---
source: crates/ir/tests/lower_test.rs
expression: ir_module.to_string()
---
module modules__use_both

declare add10: (Int) -> Int
declare mul10: (Int) -> Int
declare println: (m) -> Unit

fn main() -> Unit =
  let v0: Int = call mul10(1)
  let v1: Int = call add10(v0)
  let v2: Unit = call println(v1)
  v2
