---
source: crates/ir/tests/lower_test.rs
expression: linked.to_string()
---
module transitive_leak_reexport

type List[h] = Cons#0(h, List[h]) | Nil#1
type Option[g] = Some#0(g) | None#1
type Ordering = LT#0 | EQ#1 | GT#2
type Result[g, h] = Ok#0(h) | Err#1(g)
declare core/map/vec_to_list: (Vec[h7]) -> List[h7]
declare core/vec/list_filter: (List[h1], (h1) -> Bool) -> List[h1]
declare core/vec/list_fold: (List[t1], u1, (u1, t1) -> u1) -> u1
declare core/vec/list_length: (List[o]) -> Int
declare core/vec/list_map: (List[w], (w) -> y) -> List[y]
declare core/vec/list_sort_by: (Dict, List[w5], (w5) -> l5) -> List[w5]
declare lt: (Dict, h, h) -> Bool
declare panic: (String) -> e
declare raw_print
declare raw_println
declare show: (Dict, g) -> String
declare staticContainsKey
declare staticDelete
declare staticEmpty
declare staticEntries
declare staticFreeze
declare staticGet
declare staticGetUnsafe
declare staticKeys
declare staticLength
declare staticMerge
declare staticNew
declare staticPut
declare staticSet
declare staticSize
declare staticValues

fn main() -> Unit =
  let v0: Int = call re_exported(3)
  let v1: Unit = call println(v0)
  v1

fn core/io/println(v2: Dict, v3: m) -> Unit =
  let v4: String = call show(v2, v3)
  let v5: Unit = call raw_println(v4)
  v5

fn core/io/print(v6: Dict, v7: u) -> Unit =
  let v8: String = call show(v6, v7)
  let v9: Unit = call raw_print(v8)
  v9

fn core/list/length(v10: List[o]) -> Int =
  switch v10 {
    1 ->
      0
    0 (v11: h, v12: List[h]) ->
      let v13: Int = call core/list/length(v12)
      let v14: Int = add_int(1, v13)
      v14
  }

fn core/list/map(v15: List[w], v16: (w) -> y) -> List[y] =
  switch v15 {
    1 ->
      let v17: ~List[y] = construct List::Nil#1()
      v17
    0 (v18: h, v19: List[h]) ->
      let v20: y = call_closure v16(v18)
      let v21: List[y] = call map(v19, v16)
      let v22: ~List[y] = construct List::Cons#0(v20, v21)
      v22
  }

fn core/list/filter(v23: List[h1], v24: (h1) -> Bool) -> List[h1] =
  switch v23 {
    1 ->
      let v25: ~List[h1] = construct List::Nil#1()
      v25
    0 (v26: h, v27: List[h]) ->
      let v28: Bool = call_closure v24(v26)
      switch v28 {
        1 ->
          let v29: List[h1] = call filter(v27, v24)
          let v30: ~List[h1] = construct List::Cons#0(v26, v29)
          v30
        _ ->
          let v31: List[h1] = call filter(v27, v24)
          v31
      }
  }

fn core/list/fold(v32: List[t1], v33: u1, v34: (u1, t1) -> u1) -> u1 =
  switch v32 {
    1 ->
      v33
    0 (v35: h, v36: List[h]) ->
      let v37: u1 = call_closure v34(v33, v35)
      let v38: u1 = call fold(v36, v37, v34)
      v38
  }

fn core/list/concat(v39: List[b2], v40: List[b2]) -> List[b2] =
  switch v39 {
    1 ->
      v40
    0 (v41: h, v42: List[h]) ->
      let v43: List[b2] = call core/list/concat(v42, v40)
      let v44: ~List[b2] = construct List::Cons#0(v41, v43)
      v44
  }

fn core/list/reverse(v45: List[k2]) -> List[k2] =
  let_join v53(v47: ~List[k2]) =
    let v51: (List[k2], k2) -> ~List[k2] = make_closure(core/list/lambda$19, [])
    let v52: List[k2] = call fold(v45, v47, v51)
    v52
  in
  let v46: ~List[k2] = construct List::Nil#1()
  jump v53(v46)

fn core/list/head(v54: List[y2]) -> Option[y2] =
  switch v54 {
    0 (v55: h, v56: List[h]) ->
      let v57: ~Option[y2] = construct Option::Some#0(v55)
      v57
    1 ->
      let v58: ~Option[y2] = construct Option::None#1()
      v58
  }

fn core/list/tail(v59: List[f3]) -> Option[List[f3]] =
  switch v59 {
    0 (v60: h, v61: List[h]) ->
      let v62: ~Option[List[f3]] = construct Option::Some#0(v61)
      v62
    1 ->
      let v63: ~Option[List[f3]] = construct Option::None#1()
      v63
  }

fn core/list/last(v64: List[r3]) -> Option[r3] =
  switch v64 {
    0 (v65: h, v66: List[h]) ->
      switch v66 {
        1 ->
          let v67: ~Option[r3] = construct Option::Some#0(v65)
          v67
        _ ->
          let v68: Option[r3] = call last(v66)
          v68
      }
    1 ->
      let v69: ~Option[r3] = construct Option::None#1()
      v69
  }

fn core/list/split(v70: List[f4]) -> (List[f4], List[f4]) =
  switch v70 {
    1 ->
      let_join v77(v72: ~List[f4]) =
        let_join v76(v74: ~List[f4]) =
          let v75: (~List[f4], ~List[f4]) = tuple(v72, v74)
          v75
        in
        let v73: ~List[f4] = construct List::Nil#1()
        jump v76(v73)
      in
      let v71: ~List[f4] = construct List::Nil#1()
      jump v77(v71)
    0 (v78: h, v79: List[h]) ->
      switch v79 {
        1 ->
          let v80: ~List[f4] = construct List::Nil#1()
          let v81: ~List[f4] = construct List::Cons#0(v78, v80)
          let_join v85(v83: ~List[f4]) =
            let v84: (~List[f4], ~List[f4]) = tuple(v81, v83)
            v84
          in
          let v82: ~List[f4] = construct List::Nil#1()
          jump v85(v82)
        0 (v86: h, v87: List[h]) ->
          let v88: (List[f4], List[f4]) = call core/list/split(v87)
          let v89: List[f4] = tuple_project v88.0
          let v90: List[f4] = tuple_project v88.1
          let v91: ~List[f4] = construct List::Cons#0(v78, v89)
          let v92: ~List[f4] = construct List::Cons#0(v86, v90)
          let v93: (~List[f4], ~List[f4]) = tuple(v91, v92)
          v93
      }
  }

fn core/list/merge_by(v94: Dict, v95: List[w4], v96: List[w4], v97: (w4) -> y4) -> List[w4] =
  switch v95 {
    1 ->
      v96
    0 (v98: h, v99: List[h]) ->
      switch v96 {
        1 ->
          v95
        0 (v100: h, v101: List[h]) ->
          let_join v112(v105: Bool) =
            switch v105 {
              1 ->
                let v106: ~List[w4] = construct List::Cons#0(v100, v101)
                let v107: List[w4] = call core/list/merge_by(v94, v99, v106, v97)
                let v108: ~List[w4] = construct List::Cons#0(v98, v107)
                v108
              _ ->
                let v109: ~List[w4] = construct List::Cons#0(v98, v99)
                let v110: List[w4] = call core/list/merge_by(v94, v109, v101, v97)
                let v111: ~List[w4] = construct List::Cons#0(v100, v110)
                v111
            }
          in
          let v102: y4 = call_closure v97(v98)
          let v103: y4 = call_closure v97(v100)
          let v104: Bool = call lt(v94, v102, v103)
          jump v112(v104)
      }
  }

fn core/list/sort_by(v113: Dict, v114: List[w5], v115: (w5) -> l5) -> List[w5] =
  switch v114 {
    1 ->
      let v116: ~List[w5] = construct List::Nil#1()
      v116
    0 (v117: h, v118: List[h]) ->
      switch v118 {
        1 ->
          v114
        _ ->
          let v119: (List[w5], List[w5]) = call core/list/split(v114)
          let v120: List[w5] = tuple_project v119.0
          let v121: List[w5] = tuple_project v119.1
          let v122: List[w5] = call sort_by(v113, v120, v115)
          let v123: List[w5] = call sort_by(v113, v121, v115)
          let v124: List[w5] = call core/list/merge_by(v113, v122, v123, v115)
          v124
      }
    _ ->
      let v125: (List[w5], List[w5]) = call core/list/split(v114)
      let v126: List[w5] = tuple_project v125.0
      let v127: List[w5] = tuple_project v125.1
      let v128: List[w5] = call sort_by(v113, v126, v115)
      let v129: List[w5] = call sort_by(v113, v127, v115)
      let v130: List[w5] = call core/list/merge_by(v113, v128, v129, v115)
      v130
  }

fn core/list/lambda$19(v48: List[k2], v49: k2) -> ~List[k2] =
  let v50: ~List[k2] = construct List::Cons#0(v49, v48)
  v50

fn core/map/empty() -> Map[r8, s8] =
  let v131: Map[r8, s8] = call staticEmpty()
  v131

fn core/map/put(v132: Dict, v133: Dict, v134: Map[w8, x8], v135: w8, v136: x8) -> Map[w8, x8] =
  let v137: j9 = v132
  let v138: m9 = v133
  let v139: Map[w8, x8] = call staticPut(v134, v135, v136, v137, v138)
  v139

fn core/map/get(v140: Dict, v141: Dict, v142: Map[p9, c10], v143: p9) -> Option[c10] =
  let v144: Bool = call staticContainsKey(v142, v143)
  switch v144 {
    1 ->
      let v145: c10 = call staticGetUnsafe(v142, v143)
      let v146: ~Option[c10] = construct Option::Some#0(v145)
      v146
    _ ->
      let v147: ~Option[c10] = construct Option::None#1()
      v147
  }

fn core/map/delete(v148: Dict, v149: Dict, v150: Map[e10, f10], v151: e10) -> Map[e10, f10] =
  let v152: Map[e10, f10] = call staticDelete(v150, v151)
  v152

fn core/map/contains(v153: Dict, v154: Dict, v155: Map[n10, o10], v156: n10) -> Bool =
  let v157: Bool = call staticContainsKey(v155, v156)
  v157

fn core/map/keys(v158: Map[y10, w10]) -> List[y10] =
  let v159: Vec[y10] = call staticKeys(v158)
  let v160: List[y10] = call core/map/vec_to_list(v159)
  v160

fn core/map/values(v161: Map[e11, h11]) -> List[h11] =
  let v162: Vec[h11] = call staticValues(v161)
  let v163: List[h11] = call core/map/vec_to_list(v162)
  v163

fn core/map/entries_go(v164: Object, v165: Int, v166: List[(n11, o11)]) -> List[(n11, o11)] =
  let_join v177(v169: Bool) =
    switch v169 {
      1 ->
        v166
      _ ->
        let v170: Int = sub_int(v165, 2)
        let v171: Int = sub_int(v165, 1)
        let v172: n11 = call staticGet(v164, v171)
        let v173: o11 = call staticGet(v164, v165)
        let v174: (n11, o11) = tuple(v172, v173)
        let v175: ~List[(n11, o11)] = construct List::Cons#0(v174, v166)
        let v176: List[(n11, o11)] = call core/map/entries_go(v164, v170, v175)
        v176
    }
  in
  let v167: Dict = get_dict Ord[Int]
  let v168: Bool = call lt(v167, v165, 0)
  jump v177(v168)

fn core/map/entries(v178: Map[i12, j12]) -> List[(i12, j12)] =
  let v179: h12 = call staticEntries(v178)
  let v180: Int = call staticLength(v179)
  let v181: Int = sub_int(v180, 1)
  let_join v185(v183: ~List[(i12, j12)]) =
    let v184: List[(i12, j12)] = call core/map/entries_go(v179, v181, v183)
    v184
  in
  let v182: ~List[(i12, j12)] = construct List::Nil#1()
  jump v185(v182)

fn core/map/from_list(v186: Dict, v187: Dict, v188: List[(c13, d13)]) -> Map[c13, d13] =
  let v189: Map[c13, d13] = call core/map/empty()
  let v197: (Map[c13, d13], (c13, d13)) -> Map[c13, d13] = make_closure(core/map/lambda$38, [v186, v187])
  let v198: Map[c13, d13] = call fold(v188, v189, v197)
  v198

fn core/map/size(v199: Map[j13, k13]) -> Int =
  let v200: Int = call staticSize(v199)
  v200

fn core/map/merge(v201: Dict, v202: Dict, v203: Map[p13, q13], v204: Map[p13, q13]) -> Map[p13, q13] =
  let v205: Map[p13, q13] = call staticMerge(v203, v204)
  v205

fn core/map/lambda$38(v190: Dict, v191: Dict, v192: Map[c13, d13], v193: (c13, d13)) -> Map[c13, d13] =
  let v194: c13 = tuple_project v193.0
  let v195: d13 = tuple_project v193.1
  let v196: Map[c13, d13] = call core/map/put(v190, v191, v192, v194, v195)
  v196

fn core/option/unwrap(v206: Option[o]) -> o =
  switch v206 {
    0 (v207: g) ->
      v207
    1 ->
      let v208: o = call panic("None")
      v208
  }

fn core/peek/peek(v209: h) -> h =
  v209

fn core/vec/len(v210: Vec[d6]) -> Int =
  let v211: Int = call staticLength(v210)
  v211

fn core/vec/nth(v212: Vec[q6], v213: Int) -> Option[q6] =
  let_join v226(v216: Bool) =
    switch v216 {
      1 ->
        let v217: ~Option[q6] = construct Option::None#1()
        v217
      _ ->
        let_join v225(v221: Bool) =
          switch v221 {
            1 ->
              let v222: q6 = call staticGet(v212, v213)
              let v223: ~Option[q6] = construct Option::Some#0(v222)
              v223
            _ ->
              let v224: ~Option[q6] = construct Option::None#1()
              v224
          }
        in
        let v218: Dict = get_dict Ord[Int]
        let v219: Int = call staticLength(v212)
        let v220: Bool = call lt(v218, v213, v219)
        jump v225(v220)
    }
  in
  let v214: Dict = get_dict Ord[Int]
  let v215: Bool = call lt(v214, v213, 0)
  jump v226(v215)

fn core/vec/vec_from_vec_go(v227: Vec[y6], v228: Int, v229: List[y6]) -> List[y6] =
  let_join v237(v232: Bool) =
    switch v232 {
      1 ->
        v229
      _ ->
        let v233: Int = sub_int(v228, 1)
        let v234: y6 = call staticGet(v227, v228)
        let v235: ~List[y6] = construct List::Cons#0(v234, v229)
        let v236: List[y6] = call core/vec/vec_from_vec_go(v227, v233, v235)
        v236
    }
  in
  let v230: Dict = get_dict Ord[Int]
  let v231: Bool = call lt(v230, v228, 0)
  jump v237(v231)

fn core/vec/to_list(v238: Vec[h7]) -> List[h7] =
  let v239: Int = call staticLength(v238)
  let v240: Int = sub_int(v239, 1)
  let_join v244(v242: ~List[h7]) =
    let v243: List[h7] = call core/vec/vec_from_vec_go(v238, v240, v242)
    v243
  in
  let v241: ~List[h7] = construct List::Nil#1()
  jump v244(v241)

fn core/vec/from_list_go(v245: List[r7], v246: Vec[r7], v247: Int) -> Vec[r7] =
  switch v245 {
    1 ->
      let v248: Vec[r7] = call staticFreeze(v246)
      v248
    0 (v249: a, v250: List[a]) ->
      let v251: Unit = call staticSet(v246, v247, v249)
      let v252: Int = add_int(v247, 1)
      let v253: Vec[r7] = call core/vec/from_list_go(v250, v246, v252)
      v253
  }

fn core/vec/from_list(v254: List[d8]) -> Vec[d8] =
  let v255: Int = call core/vec/list_length(v254)
  let v256: Vec[a8] = call staticNew(v255)
  let v257: Vec[d8] = call core/vec/from_list_go(v254, v256, 0)
  v257

fn core/vec/last(v258: Vec[n8]) -> Option[n8] =
  let v259: Int = call staticLength(v258)
  let_join v267(v262: Bool) =
    switch v262 {
      1 ->
        let v263: ~Option[n8] = construct Option::None#1()
        v263
      _ ->
        let v264: Int = sub_int(v259, 1)
        let v265: n8 = call staticGet(v258, v264)
        let v266: ~Option[n8] = construct Option::Some#0(v265)
        v266
    }
  in
  let v260: Dict = get_dict Ord[Int]
  let v261: Bool = call lt(v260, v259, 1)
  jump v267(v261)

fn core/vec/filter(v268: Vec[v8], v269: (v8) -> Bool) -> Vec[v8] =
  let v270: List[v8] = call to_list(v268)
  let v271: List[v8] = call core/vec/list_filter(v270, v269)
  let v272: Vec[v8] = call core/vec/from_list(v271)
  v272

fn core/vec/map(v273: Vec[g9], v274: (g9) -> f9) -> Vec[f9] =
  let v275: List[g9] = call to_list(v273)
  let v276: List[f9] = call core/vec/list_map(v275, v274)
  let v277: Vec[f9] = call core/vec/from_list(v276)
  v277

fn core/vec/fold(v278: Vec[r9], v279: t9, v280: (t9, r9) -> t9) -> t9 =
  let v281: List[r9] = call to_list(v278)
  let v282: t9 = call core/vec/list_fold(v281, v279, v280)
  v282

fn core/vec/sort_by(v283: Dict, v284: Vec[v9], v285: (v9) -> w9) -> Vec[v9] =
  let v286: List[v9] = call to_list(v284)
  let v287: List[v9] = call core/vec/list_sort_by(v283, v286, v285)
  let v288: Vec[v9] = call core/vec/from_list(v287)
  v288

fn transitive_leak_lib/exported(v289: Int) -> Int =
  let v290: Int = add_int(v289, 1)
  v290

fn transitive_leak_lib/re_exported(v291: Int) -> Int =
  let v292: Int = mul_int(v291, 2)
  v292

fn transitive_leak_middle/wrapper(v293: Int) -> Int =
  let v294: Int = call transitive_leak_lib/exported(v293)
  v294
