---
source: crates/ir/tests/lower_test.rs
expression: ir_module.to_string()
---
module stdlib__unconstrained_op_default

; extern println
; extern show

fn add_ints(v0: Int, v1: Int) -> Int =
  let v2: Int = add_int(v0, v1)
  v2

fn main() -> Unit =
  let v3: Int = call add_ints(1, 2)
  let v4: Dict = get_dict Show[Int]
  let v5: String = call show(v4, v3)
  let v6: Dict = get_dict Show[String]
  let v7: Unit = call println(v6, v5)
  v7
