---
source: crates/ir/tests/lower_test.rs
expression: ir_module.to_string()
---
module traits__trait_basic

struct Point { x: Int, y: Int }
declare Point: (Int, Int) -> Point
declare eq: (Dict, g, g) -> Bool

fn main() -> Bool =
  let v0: ~Point = call Point(1, 2)
  let v1: ~Point = call Point(1, 2)
  let v2: Dict = get_dict Eq[Point]
  let v3: Bool = call eq(v2, v0, v1)
  v3
