---
source: crates/ir/tests/lower_test.rs
expression: ir_module.to_string()
---
module ownership__own_deferred_trait_method

trait Default[k8] { default(): ~k8 }
instance ownership__own_deferred_trait_method.Default[Int] { default=Default$$Int$$default }
import core/peek/peek as peek(e) -> e
import core/list/last as last(List[r3]) -> Option[r3]
import core/list/sort_by as sort_by(List[w5], (w5) -> l5) -> List[w5]
import core/list/filter as filter(List[g1], (g1) -> Bool) -> List[g1]
import core/list/fold as fold(List[t1], v1, (v1, t1) -> v1) -> v1
import core/list/map as map(List[v], (v) -> x) -> List[x]
import core/vec/to_list as to_list(Vec[z7]) -> List[z7]
import core/io/println as println(h) -> Unit
import core/option/Some as Some(c) -> Option[c]
import core/result/Ok as Ok(e) -> Result[d, e]
import core/result/Err as Err(d) -> Result[d, e]
import core/list/Cons as Cons(f, List[f]) -> List[f]
fn test() -> ~Int =
  let v1: Dict[ownership__own_deferred_trait_method.Default, Int] = get_dict ownership__own_deferred_trait_method.Default[Int]
  let v0: ~Int = trait_call ownership__own_deferred_trait_method.Default.default(v1)
  v0

fn Default$$Int$$default() -> ~Int =
  0
