---
source: crates/ir/tests/lower_test.rs
expression: ir_module.to_string()
---
module modules__resolved_ref_record_consumer

import core/peek/peek as peek(e) -> e
import core/list/last as last(List[r3]) -> Option[r3]
import core/list/sort_by as sort_by(List[w5], (w5) -> l5) -> List[w5]
import core/list/filter as filter(List[g1], (g1) -> Bool) -> List[g1]
import core/list/fold as fold(List[t1], v1, (v1, t1) -> v1) -> v1
import core/list/map as map(List[v], (v) -> x) -> List[x]
import core/vec/to_list as to_list(Vec[z7]) -> List[z7]
import core/option/Some as Some(c) -> Option[c]
import core/result/Ok as Ok(e) -> Result[d, e]
import core/result/Err as Err(d) -> Result[d, e]
import core/list/Cons as Cons(f, List[f]) -> List[f]
import core/io/println as println(h) -> Unit
import resolved_ref_record_lib/Point as Point(Int, Int) -> Point
declare println: (h) -> Unit

fn mk() -> Point =
  let v0: ~Point = construct Point(5, 7)
  v0

fn main() -> Unit =
  let v1: Point = call mk()
  let v3: Int = project v1.0
  let v4: Int = project v1.1
  let v5: Int = add_int(v3, v4)
  let v2: Dict[core/show.Show, Int] = get_dict core/show.Show[Int]
  let v6: Unit = call println(v2, v5)
  v6
