---
source: crates/ir/tests/lower_test.rs
expression: ir_module.to_string()
---
module stdlib__import_stdlib_string

declare nth: (Vec[q6], Int) -> Option[q6]
declare println: (m) -> Unit
declare split

fn main() -> Unit =
  let v0: Vec[String] = call split("hello world", " ")
  let v1: Option[String] = call nth(v0, 0)
  switch v1 {
    0 (v2: b) ->
      let v3: Unit = call println(v2)
      v3
    1 ->
      let v4: Unit = call println("error")
      v4
  }
