---
source: crates/ir/tests/lower_test.rs
expression: ir_module.to_string()
---
module json_string

type Ordering = LT#0 | EQ#1 | GT#2
type Option[e] = Some#0(a) | None#1
type Result[f, g] = Ok#0(c) | Err#1(b)
type List[h] = Cons#0(d, List[d]) | Nil#1
type Json = JNull#0 | JBool#1(Bool) | JNum#2(Float) | JStr#3(String) | JArr#4(List[Json]) | JObj#5(Map[String, Json])

fn f0 main() -> Unit =
  let v1: ~Json = construct Json::JStr#3("hello")
  let v2: (~String, ~Json) = tuple("greeting", v1)
  let v3: ~List[(~String, ~Json)] = construct List::Nil#1()
  let v4: ~List[(~String, ~Json)] = construct List::Cons#0(v2, v3)
  let v0: Json = call f68(v4)
  let v5: String = call f67(v0)
  let v6: Unit = call f56(v5)
  v6
