---
source: crates/ir/tests/lower_test.rs
expression: ir_module.to_string()
---
module stdlib__intrinsic_conversions

extern java "krypton.runtime.KryptonConvert" toFloat(Int) -> Float
extern java "krypton.runtime.KryptonConvert" toInt(Float) -> Int
extern java "krypton.runtime.KryptonConvert" intToString(Int) -> String
extern java "krypton.runtime.KryptonString" concat(String, String) -> String
extern java "krypton.runtime.KryptonString" length(String) -> Int
import core/peek/peek as peek(e) -> e
import core/list/last as last(List[r3]) -> Option[r3]
import core/list/sort_by as sort_by(List[w5], (w5) -> l5) -> List[w5]
import core/list/filter as filter(List[g1], (g1) -> Bool) -> List[g1]
import core/list/fold as fold(List[t1], v1, (v1, t1) -> v1) -> v1
import core/list/map as map(List[v], (v) -> x) -> List[x]
import core/vec/to_list as to_list(Vec[z7]) -> List[z7]
import core/io/println as println(h) -> Unit
import core/option/Some as Some(c) -> Option[c]
import core/result/Ok as Ok(e) -> Result[d, e]
import core/result/Err as Err(d) -> Result[d, e]
import core/list/Cons as Cons(f, List[f]) -> List[f]
declare concat: (String, String) -> String
declare intToString: (Int) -> String
declare length: (String) -> Int
declare println: (h) -> Unit
declare toFloat: (Int) -> Float
declare toInt: (Float) -> Int

fn main() -> Unit =
  let v1: Float = call toFloat(1)
  let v2: Int = call toInt(v1)
  let v3: String = call intToString(v2)
  let v4: String = call concat(v3, "ab")
  let v5: Int = call length(v4)
  let v0: Dict[core/show.Show, Int] = get_dict core/show.Show[Int]
  let v6: Unit = call println(v0, v5)
  v6
