---
source: crates/ir/tests/lower_test.rs
expression: ir_module.to_string()
---
module inference__boolean_ops

extern java "krypton.runtime.KryptonIO" println(Object): Unit
extern java "krypton.runtime.KryptonArray" staticLength(Object): Int
extern java "krypton.runtime.KryptonArray" staticGet(Object, Int): Object
extern java "krypton.runtime.KryptonArray" staticNew(Int): Object
extern java "krypton.runtime.KryptonArray" staticSet(Object, Int, Object): Unit
extern java "krypton.runtime.KryptonArray" staticFreeze(Object): Object
extern java "krypton.runtime.KryptonArray" staticLength(Object): Int
extern java "krypton.runtime.KryptonArray" staticGet(Object, Int): Object
extern java "krypton.runtime.KryptonArray" staticNew(Int): Object
extern java "krypton.runtime.KryptonArray" staticSet(Object, Int, Object): Unit
extern java "krypton.runtime.KryptonArray" staticFreeze(Object): Object
extern java "krypton.runtime.KryptonMap" staticEmpty(): Object
extern java "krypton.runtime.KryptonMap" staticPut(Object, Object, Object, Object, Object): Object
extern java "krypton.runtime.KryptonMap" staticGetUnsafe(Object, Object): Object
extern java "krypton.runtime.KryptonMap" staticContainsKey(Object, Object): Bool
extern java "krypton.runtime.KryptonMap" staticDelete(Object, Object): Object
extern java "krypton.runtime.KryptonMap" staticKeys(Object): Object
extern java "krypton.runtime.KryptonMap" staticValues(Object): Object
extern java "krypton.runtime.KryptonMap" staticEntries(Object): Object
extern java "krypton.runtime.KryptonMap" staticSize(Object): Int
extern java "krypton.runtime.KryptonMap" staticMerge(Object, Object): Object
extern java "krypton.runtime.KryptonArray" staticLength(Object): Int
extern java "krypton.runtime.KryptonArray" staticGet(Object, Int): Object
extern java "krypton.runtime.KryptonMap" staticEmpty(): Object
extern java "krypton.runtime.KryptonMap" staticPut(Object, Object, Object, Object, Object): Object
extern java "krypton.runtime.KryptonMap" staticGetUnsafe(Object, Object): Object
extern java "krypton.runtime.KryptonMap" staticContainsKey(Object, Object): Bool
extern java "krypton.runtime.KryptonMap" staticDelete(Object, Object): Object
extern java "krypton.runtime.KryptonMap" staticKeys(Object): Object
extern java "krypton.runtime.KryptonMap" staticValues(Object): Object
extern java "krypton.runtime.KryptonMap" staticEntries(Object): Object
extern java "krypton.runtime.KryptonMap" staticSize(Object): Int
extern java "krypton.runtime.KryptonMap" staticMerge(Object, Object): Object
extern java "krypton.runtime.KryptonArray" staticLength(Object): Int
extern java "krypton.runtime.KryptonArray" staticGet(Object, Int): Object
extern java "krypton.runtime.KryptonArray" staticLength(Object): Int
extern java "krypton.runtime.KryptonArray" staticGet(Object, Int): Object
extern java "krypton.runtime.KryptonArray" staticNew(Int): Object
extern java "krypton.runtime.KryptonArray" staticSet(Object, Int, Object): Unit
extern java "krypton.runtime.KryptonArray" staticFreeze(Object): Object
extern java "krypton.runtime.KryptonArray" staticLength(Object): Int
extern java "krypton.runtime.KryptonArray" staticGet(Object, Int): Object
extern java "krypton.runtime.KryptonArray" staticNew(Int): Object
extern java "krypton.runtime.KryptonArray" staticSet(Object, Int, Object): Unit
extern java "krypton.runtime.KryptonArray" staticFreeze(Object): Object
extern java "krypton.runtime.KryptonIO" raw_println(Object): Unit
extern java "krypton.runtime.KryptonIO" raw_print(Object): Unit
extern java "krypton.runtime.KryptonIO" readLine(): String
extern java "krypton.runtime.KryptonIO" read_file(String): Result[String, String]
extern java "krypton.runtime.KryptonIO" write_file(String, String): Result[String, Unit]
extern java "krypton.runtime.KryptonIO" raw_println(Object): Unit
extern java "krypton.runtime.KryptonIO" raw_print(Object): Unit
extern java "krypton.runtime.KryptonIO" readLine(): String
extern java "krypton.runtime.KryptonIO" read_file(String): Result[String, String]
extern java "krypton.runtime.KryptonIO" write_file(String, String): Result[String, Unit]
extern type java "krypton.runtime.KryptonArray" Vec
extern type java "krypton.runtime.KryptonMap" Map
extern type java "krypton.runtime.KryptonMap" Map
extern type java "krypton.runtime.KryptonArray" Vec
import core/eq/eq as eq(g, g): Bool
import core/ord/lt as lt(h, h): Bool
import core/semigroup/combine as combine(g, g): g
import core/sub/sub as sub(g, g): g
import core/mul/mul as mul(g, g): g
import core/div/div as div(g, g): g
import core/neg/neg as neg(g): g
import core/show/show as show(g): String
import core/hash/hash as hash(g): Int
import core/resource/close as close(~g): Unit
import core/peek/peek as peek(h): h
import core/list/last as last(List[t3]): Option[t3]
import core/list/sort_by as sort_by(List[y5], (y5) -> n5): List[y5]
import core/list/filter as filter(List[i1], (i1) -> Bool): List[i1]
import core/list/fold as fold(List[v1], x1, (x1, v1) -> x1): x1
import core/list/map as map(List[x], (x) -> z): List[z]
import core/vec/to_list as to_list(Vec[j7]): List[j7]
import core/io/println as println(m): Unit
import core/option/Some as Some(e): Option[e]
import core/option/None as None(): Option[e]
import core/result/Ok as Ok(g): Result[f, g]
import core/result/Err as Err(f): Result[f, g]
import core/list/Cons as Cons(h, List[h]): List[h]
import core/list/Nil as Nil(): List[h]
import core/ordering/LT as LT(): Ordering
import core/ordering/EQ as EQ(): Ordering
import core/ordering/GT as GT(): Ordering
declare println: (m) -> Unit

fn main() -> Unit =
  let_join v68(v0: Bool) =
    let_join v67(v3: Bool) =
      let_join v66(v6: Bool) =
        let_join v65(v9: Bool) =
          let_join v64(v12: Bool) =
            let_join v63(v15: Bool) =
              let_join v62(v18: Bool) =
                let_join v61(v21: Bool) =
                  let v24: Bool = not(true)
                  let v25: Bool = not(false)
                  let_join v60(v26: Bool) =
                    let_join v59(v32: Bool) =
                      let v58: Unit = call println(v32)
                      v58
                    in
                    let_join v57(v56: Bool) =
                      if v56 {
                        jump v59(v26)
                      } else {
                        jump v59(false)
                      }
                    in
                    let_join v55(v54: Bool) =
                      if v54 {
                        jump v57(v25)
                      } else {
                        jump v57(false)
                      }
                    in
                    let_join v53(v51: Bool) =
                      if v51 {
                        let v52: Bool = not(v24)
                        jump v55(v52)
                      } else {
                        jump v55(false)
                      }
                    in
                    let_join v50(v48: Bool) =
                      if v48 {
                        let v49: Bool = not(v21)
                        jump v53(v49)
                      } else {
                        jump v53(false)
                      }
                    in
                    let_join v47(v46: Bool) =
                      if v46 {
                        jump v50(v18)
                      } else {
                        jump v50(false)
                      }
                    in
                    let_join v45(v44: Bool) =
                      if v44 {
                        jump v47(v15)
                      } else {
                        jump v47(false)
                      }
                    in
                    let_join v43(v42: Bool) =
                      if v42 {
                        jump v45(v12)
                      } else {
                        jump v45(false)
                      }
                    in
                    let_join v41(v39: Bool) =
                      if v39 {
                        let v40: Bool = not(v9)
                        jump v43(v40)
                      } else {
                        jump v43(false)
                      }
                    in
                    let_join v38(v36: Bool) =
                      if v36 {
                        let v37: Bool = not(v6)
                        jump v41(v37)
                      } else {
                        jump v41(false)
                      }
                    in
                    let_join v35(v33: Bool) =
                      if v33 {
                        let v34: Bool = not(v3)
                        jump v38(v34)
                      } else {
                        jump v38(false)
                      }
                    in
                    jump v35(v0)
                  in
                  let_join v31(v29: Bool) =
                    if v29 {
                      jump v60(true)
                    } else {
                      let v30: Bool = not(false)
                      jump v60(v30)
                    }
                  in
                  let_join v28(v27: Bool) =
                    if v27 {
                      jump v31(false)
                    } else {
                      jump v31(false)
                    }
                  in
                  jump v28(true)
                in
                let_join v23(v22: Bool) =
                  if v22 {
                    jump v61(true)
                  } else {
                    jump v61(false)
                  }
                in
                jump v23(false)
              in
              let_join v20(v19: Bool) =
                if v19 {
                  jump v62(true)
                } else {
                  jump v62(true)
                }
              in
              jump v20(false)
            in
            let_join v17(v16: Bool) =
              if v16 {
                jump v63(true)
              } else {
                jump v63(false)
              }
            in
            jump v17(true)
          in
          let_join v14(v13: Bool) =
            if v13 {
              jump v64(true)
            } else {
              jump v64(true)
            }
          in
          jump v14(true)
        in
        let_join v11(v10: Bool) =
          if v10 {
            jump v65(false)
          } else {
            jump v65(false)
          }
        in
        jump v11(false)
      in
      let_join v8(v7: Bool) =
        if v7 {
          jump v66(true)
        } else {
          jump v66(false)
        }
      in
      jump v8(false)
    in
    let_join v5(v4: Bool) =
      if v4 {
        jump v67(false)
      } else {
        jump v67(false)
      }
    in
    jump v5(true)
  in
  let_join v2(v1: Bool) =
    if v1 {
      jump v68(true)
    } else {
      jump v68(false)
    }
  in
  jump v2(true)
