---
source: crates/ir/tests/lower_test.rs
expression: ir_module.to_string()
---
module shared_coercion

type Ordering = LT#0 | EQ#1 | GT#2
type List[e] = Cons#0(a, List[a]) | Nil#1
type Result[f, g] = Ok#0(c) | Err#1(b)
type Option[h] = Some#0(d) | None#1

fn f0 identity(v0: r7) -> r7 =
  v0

fn f1 use_it(v1: ~String) -> Unit =
  let v2: String = call f0(v1)
  let v3: Unit = call f39(v1)
  v3
