---
source: crates/ir/tests/lower_test.rs
expression: ir_module.to_string()
---
module hkt__hkt_function

type Box[a] = Box#0(a)
declare fmap: (Dict, t7[u7], (u7) -> v7) -> t7[v7]

fn apply(v0: Dict, v1: a8[b8]) -> a8[b8] =
  let v4: (b8) -> b8 = make_closure(lambda$53, [])
  let v5: a8[b8] = call fmap(v0, v1, v4)
  v5

fn main(v6: Box[Int]) -> Box[Int] =
  let v7: Dict = get_dict Functor[Box]
  let v8: Box[Int] = call apply(v7, v6)
  v8

fn lambda$53(v3: b8) -> b8 =
  v3
