---
source: crates/ir/tests/lower_test.rs
expression: ir_module.to_string()
---
module data_types__nested_patterns

type Option[a] = Some#0(a) | None#1
type List[b] = Cons#0(b, List[b]) | Nil#1
extern java "krypton.runtime.KryptonArray" staticLength(Object): Int
extern java "krypton.runtime.KryptonArray" staticGet(Object, Int): Object
extern java "krypton.runtime.KryptonArray" staticNew(Int): Object
extern java "krypton.runtime.KryptonArray" staticSet(Object, Int, Object): Unit
extern java "krypton.runtime.KryptonArray" staticFreeze(Object): Object
extern js "../runtime/js/array.mjs" staticLength(Object): Int
extern js "../runtime/js/array.mjs" staticGet(Object, Int): Object
extern js "../runtime/js/array.mjs" staticNew(Int): Object
extern js "../runtime/js/array.mjs" staticSet(Object, Int, Object): Unit
extern js "../runtime/js/array.mjs" staticFreeze(Object): Object
extern java "krypton.runtime.KryptonArray" staticLength(Object): Int
extern java "krypton.runtime.KryptonArray" staticGet(Object, Int): Object
extern java "krypton.runtime.KryptonArray" staticNew(Int): Object
extern java "krypton.runtime.KryptonArray" staticSet(Object, Int, Object): Unit
extern java "krypton.runtime.KryptonArray" staticFreeze(Object): Object
extern js "../runtime/js/array.mjs" staticLength(Object): Int
extern js "../runtime/js/array.mjs" staticGet(Object, Int): Object
extern js "../runtime/js/array.mjs" staticNew(Int): Object
extern js "../runtime/js/array.mjs" staticSet(Object, Int, Object): Unit
extern js "../runtime/js/array.mjs" staticFreeze(Object): Object
extern java "krypton.runtime.KryptonMap" staticEmpty(): Object
extern java "krypton.runtime.KryptonMap" staticPut(Object, Object, Object, Object, Object): Object
extern java "krypton.runtime.KryptonMap" staticGetUnsafe(Object, Object): Object
extern java "krypton.runtime.KryptonMap" staticContainsKey(Object, Object): Bool
extern java "krypton.runtime.KryptonMap" staticDelete(Object, Object): Object
extern java "krypton.runtime.KryptonMap" staticKeys(Object): Object
extern java "krypton.runtime.KryptonMap" staticValues(Object): Object
extern java "krypton.runtime.KryptonMap" staticEntries(Object): Object
extern java "krypton.runtime.KryptonMap" staticSize(Object): Int
extern java "krypton.runtime.KryptonMap" staticMerge(Object, Object): Object
extern java "krypton.runtime.KryptonArray" staticLength(Object): Int
extern java "krypton.runtime.KryptonArray" staticGet(Object, Int): Object
extern js "../runtime/js/map.mjs" staticEmpty(): Object
extern js "../runtime/js/map.mjs" staticPut(Object, Object, Object, Object, Object): Object
extern js "../runtime/js/map.mjs" staticGetUnsafe(Object, Object): Object
extern js "../runtime/js/map.mjs" staticContainsKey(Object, Object): Bool
extern js "../runtime/js/map.mjs" staticDelete(Object, Object): Object
extern js "../runtime/js/map.mjs" staticKeys(Object): Object
extern js "../runtime/js/map.mjs" staticValues(Object): Object
extern js "../runtime/js/map.mjs" staticEntries(Object): Object
extern js "../runtime/js/map.mjs" staticSize(Object): Int
extern js "../runtime/js/map.mjs" staticMerge(Object, Object): Object
extern js "../runtime/js/array.mjs" staticLength(Object): Int
extern js "../runtime/js/array.mjs" staticGet(Object, Int): Object
extern java "krypton.runtime.KryptonMap" staticEmpty(): Object
extern java "krypton.runtime.KryptonMap" staticPut(Object, Object, Object, Object, Object): Object
extern java "krypton.runtime.KryptonMap" staticGetUnsafe(Object, Object): Object
extern java "krypton.runtime.KryptonMap" staticContainsKey(Object, Object): Bool
extern java "krypton.runtime.KryptonMap" staticDelete(Object, Object): Object
extern java "krypton.runtime.KryptonMap" staticKeys(Object): Object
extern java "krypton.runtime.KryptonMap" staticValues(Object): Object
extern java "krypton.runtime.KryptonMap" staticEntries(Object): Object
extern java "krypton.runtime.KryptonMap" staticSize(Object): Int
extern java "krypton.runtime.KryptonMap" staticMerge(Object, Object): Object
extern java "krypton.runtime.KryptonArray" staticLength(Object): Int
extern java "krypton.runtime.KryptonArray" staticGet(Object, Int): Object
extern js "../runtime/js/map.mjs" staticEmpty(): Object
extern js "../runtime/js/map.mjs" staticPut(Object, Object, Object, Object, Object): Object
extern js "../runtime/js/map.mjs" staticGetUnsafe(Object, Object): Object
extern js "../runtime/js/map.mjs" staticContainsKey(Object, Object): Bool
extern js "../runtime/js/map.mjs" staticDelete(Object, Object): Object
extern js "../runtime/js/map.mjs" staticKeys(Object): Object
extern js "../runtime/js/map.mjs" staticValues(Object): Object
extern js "../runtime/js/map.mjs" staticEntries(Object): Object
extern js "../runtime/js/map.mjs" staticSize(Object): Int
extern js "../runtime/js/map.mjs" staticMerge(Object, Object): Object
extern js "../runtime/js/array.mjs" staticLength(Object): Int
extern js "../runtime/js/array.mjs" staticGet(Object, Int): Object
extern java "krypton.runtime.KryptonArray" staticLength(Object): Int
extern java "krypton.runtime.KryptonArray" staticGet(Object, Int): Object
extern java "krypton.runtime.KryptonArray" staticNew(Int): Object
extern java "krypton.runtime.KryptonArray" staticSet(Object, Int, Object): Unit
extern java "krypton.runtime.KryptonArray" staticFreeze(Object): Object
extern js "../runtime/js/array.mjs" staticLength(Object): Int
extern js "../runtime/js/array.mjs" staticGet(Object, Int): Object
extern js "../runtime/js/array.mjs" staticNew(Int): Object
extern js "../runtime/js/array.mjs" staticSet(Object, Int, Object): Unit
extern js "../runtime/js/array.mjs" staticFreeze(Object): Object
extern java "krypton.runtime.KryptonArray" staticLength(Object): Int
extern java "krypton.runtime.KryptonArray" staticGet(Object, Int): Object
extern java "krypton.runtime.KryptonArray" staticNew(Int): Object
extern java "krypton.runtime.KryptonArray" staticSet(Object, Int, Object): Unit
extern java "krypton.runtime.KryptonArray" staticFreeze(Object): Object
extern js "../runtime/js/array.mjs" staticLength(Object): Int
extern js "../runtime/js/array.mjs" staticGet(Object, Int): Object
extern js "../runtime/js/array.mjs" staticNew(Int): Object
extern js "../runtime/js/array.mjs" staticSet(Object, Int, Object): Unit
extern js "../runtime/js/array.mjs" staticFreeze(Object): Object
extern java "krypton.runtime.KryptonIO" raw_println(Object): Unit
extern java "krypton.runtime.KryptonIO" raw_print(Object): Unit
extern java "krypton.runtime.KryptonIO" readLine(): String
extern java "krypton.runtime.KryptonIO" read_file(String): Result[String, String]
extern java "krypton.runtime.KryptonIO" write_file(String, String): Result[String, Unit]
extern js "../runtime/js/io.mjs" raw_println(Object): Unit
extern js "../runtime/js/io.mjs" raw_print(Object): Unit
extern js "../runtime/js/io.mjs" readLine(): String
extern js "../runtime/js/io.mjs" read_file(String): Result[String, String]
extern js "../runtime/js/io.mjs" write_file(String, String): Result[String, Unit]
extern java "krypton.runtime.KryptonIO" raw_println(Object): Unit
extern java "krypton.runtime.KryptonIO" raw_print(Object): Unit
extern java "krypton.runtime.KryptonIO" readLine(): String
extern java "krypton.runtime.KryptonIO" read_file(String): Result[String, String]
extern java "krypton.runtime.KryptonIO" write_file(String, String): Result[String, Unit]
extern js "../runtime/js/io.mjs" raw_println(Object): Unit
extern js "../runtime/js/io.mjs" raw_print(Object): Unit
extern js "../runtime/js/io.mjs" readLine(): String
extern js "../runtime/js/io.mjs" read_file(String): Result[String, String]
extern js "../runtime/js/io.mjs" write_file(String, String): Result[String, Unit]
extern type java "krypton.runtime.KryptonArray" Vec
extern type java "krypton.runtime.KryptonMap" Map
extern type java "krypton.runtime.KryptonMap" Map
extern type java "krypton.runtime.KryptonArray" Vec
import core/peek/peek as peek(h): h
import core/list/last as last(List[t3]): Option[t3]
import core/list/sort_by as sort_by(List[y5], (y5) -> n5): List[y5]
import core/list/filter as filter(List[i1], (i1) -> Bool): List[i1]
import core/list/fold as fold(List[v1], x1, (x1, v1) -> x1): x1
import core/list/map as map(List[x], (x) -> z): List[z]
import core/vec/to_list as to_list(Vec[j7]): List[j7]
import core/io/println as println(o): Unit
import core/option/Some as Some(e): Option[e]
import core/option/None as None(): Option[e]
import core/result/Ok as Ok(g): Result[f, g]
import core/result/Err as Err(f): Result[f, g]
import core/list/Cons as Cons(h, List[h]): List[h]
import core/list/Nil as Nil(): List[h]
import core/ordering/LT as LT(): Ordering
import core/ordering/EQ as EQ(): Ordering
import core/ordering/GT as GT(): Ordering

fn unwrap_nested(v0: Option[Option[Int]]) -> Int =
  switch v0 {
    0 (v1: a) ->
      switch v1 {
        0 (v2: Int) ->
          v2
        1 ->
          0
      }
    1 ->
      0
  }

fn first_two(v3: List[Int]) -> Int =
  switch v3 {
    0 (v4: Int, v5: List[b]) ->
      switch v5 {
        0 (v6: Int, v7: List[b]) ->
          let v8: Int = add_int(v4, v6)
          v8
        _ ->
          0
      }
    _ ->
      0
  }
