---
source: crates/ir/tests/lower_test.rs
expression: ir_module.to_string()
---
module ownership__peek_stdlib_output

declare peek: (h) -> h
declare println: (Dict, m) -> Unit

fn main() -> Unit =
  let_join v4(v0: ~String) =
    let v2: String = call peek(v0)
    let v1: Dict = get_dict Show[String]
    let v3: Unit = call println(v1, v2)
    v3
  in
  jump v4("hello")
