---
source: crates/ir/tests/lower_test.rs
expression: ir_module.to_string()
---
module fn_to_own_fn_coerce

type List[e] = Cons#0(a, List[a]) | Nil#1
type Option[f] = Some#0(b) | None#1
type Result[h, g] = Ok#0(d) | Err#1(c)
type Ordering = LT#0 | EQ#1 | GT#2

fn f0 call_once(v0: ~() -> String) -> String =
  let v1: String = call_closure v0()
  v1

fn f1 make_fn() -> String =
  "hello"

fn f2 main() -> Unit =
  let v2: () -> String = make_closure(f1, [])
  let v3: String = call f0(v2)
  let v4: Unit = call f40(v3)
  v4
