---
source: crates/ir/tests/lower_test.rs
expression: ir_module.to_string()
---
module traits__hkt_arity2

type Pair[a, b] = Pair#0(a, b)
trait Bifunctor[m8] { bimap(m8[n8, o8], (n8) -> p8, (o8) -> q8): m8[p8, q8] }
instance traits__hkt_arity2.Bifunctor[Pair] { bimap=Bifunctor$$Pair$$bimap }
import core/peek/peek as peek(e) -> e
import core/list/last as last(List[r3]) -> Option[r3]
import core/list/sort_by as sort_by(List[w5], (w5) -> l5) -> List[w5]
import core/list/filter as filter(List[g1], (g1) -> Bool) -> List[g1]
import core/list/fold as fold(List[t1], v1, (v1, t1) -> v1) -> v1
import core/list/map as map(List[v], (v) -> x) -> List[x]
import core/vec/to_list as to_list(Vec[z7]) -> List[z7]
import core/io/println as println(h) -> Unit
import core/option/Some as Some(c) -> Option[c]
import core/result/Ok as Ok(e) -> Result[d, e]
import core/result/Err as Err(d) -> Result[d, e]
import core/list/Cons as Cons(f, List[f]) -> List[f]

fn Bifunctor$$Pair$$bimap(v0: Pair[y8, z8], v1: (y8) -> c9, v2: (z8) -> d9) -> ~Pair[c9, d9] =
  switch v0 {
    0 (v3: y8, v4: z8) ->
      let v5: c9 = call_closure v1(v3)
      let v6: d9 = call_closure v2(v4)
      let v7: ~Pair[c9, d9] = construct Pair::Pair#0(v5, v6)
      v7
  }
