---
source: crates/ir/tests/lower_test.rs
expression: ir_module.to_string()
---
module resources__resource_lifo

type HandleA = MkHandleA#0(Int)
type HandleB = MkHandleB#0(Int)
instance core/resource.Resource[HandleA] { close=Resource$$HandleA$$close }
instance core/resource.Resource[HandleB] { close=Resource$$HandleB$$close }
extern java "krypton.runtime.KryptonIO" println(a8) -> Unit
import core/peek/peek as peek(e) -> e
import core/list/last as last(List[r3]) -> Option[r3]
import core/list/sort_by as sort_by(List[w5], (w5) -> l5) -> List[w5]
import core/list/filter as filter(List[g1], (g1) -> Bool) -> List[g1]
import core/list/fold as fold(List[t1], v1, (v1, t1) -> v1) -> v1
import core/list/map as map(List[v], (v) -> x) -> List[x]
import core/vec/to_list as to_list(Vec[z7]) -> List[z7]
import core/option/Some as Some(c) -> Option[c]
import core/result/Ok as Ok(e) -> Result[d, e]
import core/result/Err as Err(d) -> Result[d, e]
import core/list/Cons as Cons(f, List[f]) -> List[f]
declare println: (a8) -> Unit

fn main() -> Unit =
  let v0: ~HandleA = construct HandleA::MkHandleA#0(1)
  let v1: Unit = call println("a")
  let v2: ~HandleB = construct HandleB::MkHandleB#0(2)
  let v3: Unit = call println("b")
  let v4: Dict[core/resource.Resource, HandleB] = get_dict core/resource.Resource[HandleB]
  let v7: Unit = trait_call core/resource.Resource.close(v4, v2)
  let v5: Dict[core/resource.Resource, HandleA] = get_dict core/resource.Resource[HandleA]
  let v6: Unit = trait_call core/resource.Resource.close(v5, v0)
  v3

fn Resource$$HandleA$$close(v8: ~HandleA) -> Unit =
  let v9: Unit = call println("close_a")
  v9

fn Resource$$HandleB$$close(v10: ~HandleB) -> Unit =
  let v11: Unit = call println("close_b")
  v11
