---
source: crates/ir/tests/lower_test.rs
expression: ir_module.to_string()
---
module ownership__own_fn_in_struct

struct Callback { run: ~() -> String }

fn consume(v0: ~String) -> String =
  v0

fn test(v1: ~String) -> String =
  let v5: ~() -> String = make_closure(lambda$50, [v1])
  let v2: ~Callback = construct Callback(v5)
  let v6: ~() -> String = project v2.0
  let v7: String = call_closure v6()
  v7

fn lambda$50(v3: f) -> String =
  let v4: String = call consume(v3)
  v4
