---
source: crates/ir/tests/lower_test.rs
expression: ir_module.to_string()
---
module inference__mutual_recursion

import core/peek/peek as peek(e) -> e
import core/list/last as last(List[r3]) -> Option[r3]
import core/list/sort_by as sort_by(List[w5], (w5) -> l5) -> List[w5]
import core/list/filter as filter(List[g1], (g1) -> Bool) -> List[g1]
import core/list/fold as fold(List[t1], v1, (v1, t1) -> v1) -> v1
import core/list/map as map(List[v], (v) -> x) -> List[x]
import core/vec/to_list as to_list(Vec[z7]) -> List[z7]
import core/io/println as println(h) -> Unit
import core/option/Some as Some(c) -> Option[c]
import core/result/Ok as Ok(e) -> Result[d, e]
import core/result/Err as Err(d) -> Result[d, e]
import core/list/Cons as Cons(f, List[f]) -> List[f]
fn is_even(v0: Int) -> Bool =
  let_join v6(v3: Bool) =
    if v3 {
      true
    } else {
      let v4: Int = sub_int(v0, 1)
      let v5: Bool = call is_odd(v4)
      v5
    }
  in
  let v1: Dict[core/eq.Eq, Int] = get_dict core/eq.Eq[Int]
  let v2: Bool = trait_call core/eq.Eq.eq(v1, v0, 0)
  jump v6(v2)

fn is_odd(v7: Int) -> Bool =
  let_join v13(v10: Bool) =
    if v10 {
      false
    } else {
      let v11: Int = sub_int(v7, 1)
      let v12: Bool = call is_even(v11)
      v12
    }
  in
  let v8: Dict[core/eq.Eq, Int] = get_dict core/eq.Eq[Int]
  let v9: Bool = trait_call core/eq.Eq.eq(v8, v7, 0)
  jump v13(v9)
