---
source: crates/krypton/tests/inspect_test.rs
assertion_line: 53
expression: output
---
   1 | extern "krypton.runtime.KryptonIO" {
   2 |     fun println(Object) -> Unit
   3 | }
   4 | 
   5 | type Handle = MkHandle(String)
   6 | 
   7 | impl Resource[Handle] {
   8 |     fun close(h: ~Handle) -> Unit = println("manual_close")
   9 | }
  10 | 
  11 | fun main() -> Unit = {
       # : fn() -> Unit
  12 |     let h: ~Handle = MkHandle("test")
       # h : own Handle
  13 |     println("opened")
  14 |     close(h)
       ↑ move: h
  15 | }
