---
source: crates/ir/tests/ir/lower.rs
expression: ir_module.to_string()
---
module stdlib__vec_literal

import core/peek/peek as peek(d) -> d
import core/list/last as last(List[e3]) -> Option[e3]
import core/list/sort_by as sort_by(List[j5], (j5) -> y4) -> List[j5]
import core/list/filter as filter(List[h1], (h1) -> Bool) -> List[h1]
import core/vec/to_list as to_list(Vec[w10]) -> List[w10]
import core/traversable/sequence as sequence(o[p[r]]) -> p[o[r]]
import core/io/println as println(g) -> Unit
import core/option/Some as Some(b) -> Option[b]
import core/result/Ok as Ok(d) -> Result[c, d]
import core/result/Err as Err(c) -> Result[c, d]
import core/list/Cons as Cons(e, List[e]) -> List[e]
import core/vec/len as len(Vec[j7]) -> Int
declare len: (Vec[j7]) -> Int
declare println: (g) -> Unit

fn main() -> Unit =
  let v1: Vec[Int] = make_vec(1, 2, 3)
  let v2: Int = call len(v1)
  let v0: Dict[core/show.Show, Int] = get_dict core/show.Show[Int]
  let v3: Unit = call println(v0, v2)
  v3
