---
source: crates/ir/tests/ir/lower.rs
expression: ir_module.to_string()
---
module inference__recur_correct

import core/peek/peek as peek(e) -> e
import core/list/last as last(List[r3]) -> Option[r3]
import core/list/sort_by as sort_by(List[w5], (w5) -> l5) -> List[w5]
import core/list/filter as filter(List[g1], (g1) -> Bool) -> List[g1]
import core/list/fold as fold(List[t1], v1, (v1, t1) -> v1) -> v1
import core/list/map as map(List[v], (v) -> x) -> List[x]
import core/vec/to_list as to_list(Vec[z7]) -> List[z7]
import core/io/println as println(h) -> Unit
import core/option/Some as Some(c) -> Option[c]
import core/result/Ok as Ok(e) -> Result[d, e]
import core/result/Err as Err(d) -> Result[d, e]
import core/list/Cons as Cons(f, List[f]) -> List[f]
fn countdown(v0: Int) -> Int =
  let_join [recur] v1(v2: Int) =
    let_join v7(v5: Bool) =
      if v5 {
        0
      } else {
        let v6: Int = sub_int(v2, 1)
        jump v1(v6)
      }
    in
    let v3: Dict[core/eq.Eq, Int] = get_dict core/eq.Eq[Int]
    let v4: Bool = trait_call core/eq.Eq.eq(v3, v2, 0)
    jump v7(v4)
  in
  jump v1(v0)
