---
source: crates/ir/tests/ir/lower.rs
expression: ir_module.to_string()
---
module modules__overload_same_module_ok

import core/option/Some as Some(b) -> Option[b]
import core/result/Ok as Ok(d) -> Result[c, d]
import core/result/Err as Err(c) -> Result[c, d]
import core/list/Cons as Cons(e, List[e]) -> List[e]
import core/peek/peek as peek(d) -> d
import core/list/last as last(List[e3]) -> Option[e3]
import core/list/sort_by as sort_by(List[j5], (j5) -> y4) -> List[j5]
import core/list/filter as filter(List[h1], (h1) -> Bool) -> List[h1]
import core/vec/to_list as to_list(Vec[w10]) -> List[w10]
import core/traversable/sequence as sequence(o[p[r]]) -> p[o[r]]
import core/io/println as println(g) -> Unit
import overload_same_module_lib/push as push(Vec[Int], Int) -> Vec[Int]
import overload_same_module_lib/push as push(List[Int], Int) -> List[Int]
declare push: (List[Int], Int) -> List[Int]
declare push: (Vec[Int], Int) -> Vec[Int]

fn use_vec(v0: Vec[Int]) -> Vec[Int] =
  let v1: Vec[Int] = call push(v0, 1)
  v1

fn use_list(v2: List[Int]) -> List[Int] =
  let v3: List[Int] = call push(v2, 1)
  v3
