---
source: crates/ir/tests/ir/lower.rs
expression: ir_module.to_string()
---
module actors__actor_receive_timeout

type Msg = Ping#0 | Pong#1
import core/peek/peek as peek(e) -> e
import core/list/last as last(List[q3]) -> Option[q3]
import core/list/sort_by as sort_by(List[v5], (v5) -> k5) -> List[v5]
import core/list/filter as filter(List[g1], (g1) -> Bool) -> List[g1]
import core/list/fold as fold(List[t1], v1, (v1, t1) -> v1) -> v1
import core/list/map as map(List[v], (v) -> x) -> List[x]
import core/vec/to_list as to_list(Vec[y7]) -> List[y7]
import core/io/println as println(h) -> Unit
import core/option/Some as Some(c) -> Option[c]
import core/result/Ok as Ok(e) -> Result[d, e]
import core/result/Err as Err(d) -> Result[d, e]
import core/list/Cons as Cons(f, List[f]) -> List[f]
import core/actor/receive_timeout as receive_timeout(Mailbox[q9], Int) -> Option[q9]
declare receive_timeout: (Mailbox[q9], Int) -> Option[q9]

fn actor(v0: Mailbox[Msg]) -> Unit =
  let_join [recur] v1(v2: Mailbox[Msg]) =
    let v3: Option[Msg] = call receive_timeout(v2, 5000)
    switch v3 {
      0 (v4: d) ->
        switch v4 {
          0 ->
            jump v1(v2)
          1 ->
            jump v1(v2)
        }
      1 ->
        ()
    }
  in
  jump v1(v0)
