---
source: crates/ir/tests/ir/lower.rs
expression: ir_module.to_string()
---
module stdlib__stdlib_string_ops

import core/peek/peek as peek(e) -> e
import core/list/last as last(List[r3]) -> Option[r3]
import core/list/sort_by as sort_by(List[w5], (w5) -> l5) -> List[w5]
import core/list/filter as filter(List[g1], (g1) -> Bool) -> List[g1]
import core/list/fold as fold(List[t1], v1, (v1, t1) -> v1) -> v1
import core/list/map as map(List[v], (v) -> x) -> List[x]
import core/vec/to_list as to_list(Vec[z7]) -> List[z7]
import core/io/println as println(h) -> Unit
import core/option/Some as Some(c) -> Option[c]
import core/result/Ok as Ok(e) -> Result[d, e]
import core/result/Err as Err(d) -> Result[d, e]
import core/list/Cons as Cons(f, List[f]) -> List[f]
import core/string/concat as concat(String, String) -> String
import core/string/trim as trim(String) -> String
declare concat: (String, String) -> String
declare println: (h) -> Unit
declare trim: (String) -> String

fn main() -> Int =
  let v0: String = call concat("  hello", " world  ")
  let v1: String = call trim(v0)
  let v2: Dict[core/show.Show, String] = get_dict core/show.Show[String]
  let v3: Unit = call println(v2, v1)
  0
