---
source: crates/ir/tests/ir/lower.rs
expression: ir_module.to_string()
---
module traits__impl_method_consume_matches

struct File { fd: Int }
trait Consumer[j11] { consume(~j11): Unit }
instance traits__impl_method_consume_matches.Consumer[File] { consume=Consumer$$File$$consume }
import core/peek/peek as peek(d) -> d
import core/list/last as last(List[e3]) -> Option[e3]
import core/list/sort_by as sort_by(List[j5], (j5) -> y4) -> List[j5]
import core/list/filter as filter(List[h1], (h1) -> Bool) -> List[h1]
import core/vec/to_list as to_list(Vec[w10]) -> List[w10]
import core/io/println as println(g) -> Unit
import core/option/Some as Some(b) -> Option[b]
import core/result/Ok as Ok(d) -> Result[c, d]
import core/result/Err as Err(c) -> Result[c, d]
import core/list/Cons as Cons(e, List[e]) -> List[e]

fn main() -> Unit =
  ()

fn Consumer$$File$$consume(v0: ~File) -> Unit =
  let v1: Int = project v0.0
  ()
