---
source: crates/ir/tests/ir/lower.rs
expression: ir_module.to_string()
---
module modules__type_qualify

struct Point { x: Int, y: Int }
extern java "krypton.runtime.KryptonIO" println(x7) -> Unit
import core/peek/peek as peek(d) -> d
import core/list/last as last(List[p3]) -> Option[p3]
import core/list/sort_by as sort_by(List[u5], (u5) -> j5) -> List[u5]
import core/list/filter as filter(List[f1], (f1) -> Bool) -> List[f1]
import core/list/fold as fold(List[s1], u1, (u1, s1) -> u1) -> u1
import core/list/map as map(List[u], (u) -> w) -> List[w]
import core/vec/to_list as to_list(Vec[w7]) -> List[w7]
import core/option/Some as Some(b) -> Option[b]
import core/result/Ok as Ok(d) -> Result[c, d]
import core/result/Err as Err(c) -> Result[c, d]
import core/list/Cons as Cons(e, List[e]) -> List[e]
import core/list/length as length(List[l]) -> Int
declare length: (List[l]) -> Int
declare println: (x7) -> Unit

fn main() -> Unit =
  let v0: Point = construct Point(1, 2)
  let_join v11(v4: Int) =
    let v5: List[Int] = construct List::Nil#1()
    let v6: List[Int] = construct List::Cons#0(3, v5)
    let v7: List[Int] = construct List::Cons#0(2, v6)
    let v8: List[Int] = construct List::Cons#0(1, v7)
    let v9: Int = call length(v8)
    let v10: Unit = call println(v9)
    v10
  in
  let v1: Int = project v0.0
  let v2: Int = project v0.1
  let v3: Int = add_int(v1, v2)
  jump v11(v3)
