---
source: crates/ir/tests/ir/lower.rs
expression: ir_module.to_string()
---
module ownership__own_recursive_accumulator

import core/peek/peek as peek(e) -> e
import core/list/last as last(List[q3]) -> Option[q3]
import core/list/sort_by as sort_by(List[v5], (v5) -> k5) -> List[v5]
import core/list/filter as filter(List[g1], (g1) -> Bool) -> List[g1]
import core/list/fold as fold(List[t1], v1, (v1, t1) -> v1) -> v1
import core/list/map as map(List[v], (v) -> x) -> List[x]
import core/vec/to_list as to_list(Vec[y7]) -> List[y7]
import core/io/println as println(h) -> Unit
import core/option/Some as Some(c) -> Option[c]
import core/result/Ok as Ok(e) -> Result[d, e]
import core/result/Err as Err(d) -> Result[d, e]
import core/list/Cons as Cons(f, List[f]) -> List[f]
fn sum_to(v0: Int, v1: Int) -> Int =
  let_join v8(v4: Bool) =
    if v4 {
      v1
    } else {
      let v5: Int = sub_int(v0, 1)
      let v6: Int = add_int(v1, v0)
      let v7: Int = call sum_to(v5, v6)
      v7
    }
  in
  let v2: Dict[core/eq.Eq, Int] = get_dict core/eq.Eq[Int]
  let v3: Bool = trait_call core/eq.Eq.eq(v2, v0, 0)
  jump v8(v3)
