---
source: crates/ir/tests/ir/lower.rs
expression: ir_module.to_string()
---
module inference__self_type_generic

struct Wrapper[a] { value: a }
trait MyEq[l8] { my_eq(l8, l8): Bool }
instance inference__self_type_generic.MyEq[String] { my_eq=MyEq$$String$$my_eq }
instance inference__self_type_generic.MyEq[Wrapper$$Var0] { my_eq=MyEq$$Wrapper$$Var0$$my_eq }
import core/peek/peek as peek(e) -> e
import core/list/last as last(List[r3]) -> Option[r3]
import core/list/sort_by as sort_by(List[w5], (w5) -> l5) -> List[w5]
import core/list/filter as filter(List[g1], (g1) -> Bool) -> List[g1]
import core/list/fold as fold(List[t1], v1, (v1, t1) -> v1) -> v1
import core/list/map as map(List[v], (v) -> x) -> List[x]
import core/vec/to_list as to_list(Vec[z7]) -> List[z7]
import core/io/println as println(h) -> Unit
import core/option/Some as Some(c) -> Option[c]
import core/result/Ok as Ok(e) -> Result[d, e]
import core/result/Err as Err(d) -> Result[d, e]
import core/list/Cons as Cons(f, List[f]) -> List[f]
declare println: (h) -> Unit

fn main() -> Unit =
  let v0: ~Wrapper[String] = construct Wrapper("hello")
  let v1: ~Wrapper[String] = construct Wrapper("hello")
  let v3: Dict[inference__self_type_generic.MyEq, String] = get_dict inference__self_type_generic.MyEq[String]
  let v4: Dict[inference__self_type_generic.MyEq, Wrapper[String]] = make_dict inference__self_type_generic.MyEq[Wrapper[String]](v3)
  let v5: Bool = trait_call inference__self_type_generic.MyEq.my_eq(v4, v0, v1)
  let v2: Dict[core/show.Show, Bool] = get_dict core/show.Show[Bool]
  let v6: Unit = call println(v2, v5)
  v6

fn MyEq$$String$$my_eq(v7: String, v8: String) -> Bool =
  let v9: Dict[core/eq.Eq, String] = get_dict core/eq.Eq[String]
  let v10: Bool = trait_call core/eq.Eq.eq(v9, v7, v8)
  v10

fn MyEq$$Wrapper$$Var0$$my_eq(v11: Dict[inference__self_type_generic.MyEq, m8], v12: Wrapper[m8], v13: Wrapper[m8]) -> Bool =
  let v14: m8 = project v12.0
  let v15: m8 = project v13.0
  let v16: Bool = trait_call inference__self_type_generic.MyEq.my_eq(v11, v14, v15)
  v16
