---
source: crates/ir/tests/ir/lower.rs
expression: ir_module.to_string()
---
module extern__extern_java_actor

import core/peek/peek as peek(e) -> e
import core/list/last as last(List[r3]) -> Option[r3]
import core/list/sort_by as sort_by(List[w5], (w5) -> l5) -> List[w5]
import core/list/filter as filter(List[g1], (g1) -> Bool) -> List[g1]
import core/list/fold as fold(List[t1], v1, (v1, t1) -> v1) -> v1
import core/list/map as map(List[v], (v) -> x) -> List[x]
import core/vec/to_list as to_list(Vec[z7]) -> List[z7]
import core/io/println as println(h) -> Unit
import core/option/Some as Some(c) -> Option[c]
import core/result/Ok as Ok(e) -> Result[d, e]
import core/result/Err as Err(d) -> Result[d, e]
import core/list/Cons as Cons(f, List[f]) -> List[f]
import core/actor/spawn as spawn((Mailbox[a9]) -> Unit) -> Ref[a9]
import core/actor/send as send(Ref[d9], d9) -> Unit
import core/actor/receive as receive(Mailbox[m9]) -> m9
import core/actor/actor_ref as actor_ref(Mailbox[u9]) -> Ref[u9]
declare actor_ref: (Mailbox[u9]) -> Ref[u9]
declare receive: (Mailbox[m9]) -> m9
declare send: (Ref[d9], d9) -> Unit

fn echo(v0: Mailbox[Int]) -> Unit =
  let v1: Int = call receive(v0)
  let v2: Ref[Int] = call actor_ref(v0)
  let v3: Unit = call send(v2, v1)
  v3

fn use_ref(v4: Ref[Int]) -> Unit =
  let v5: Unit = call send(v4, 42)
  v5

fn main() -> (Mailbox[Int]) -> Unit =
  let v6: (Mailbox[Int]) -> Unit = make_closure(echo, [])
  v6
