---
source: crates/ir/tests/ir/lower.rs
expression: ir_module.to_string()
---
module data_types__struct_update

struct Point { x: Int, y: Int }
import core/peek/peek as peek(d) -> d
import core/list/last as last(List[e3]) -> Option[e3]
import core/list/sort_by as sort_by(List[j5], (j5) -> y4) -> List[j5]
import core/list/filter as filter(List[h1], (h1) -> Bool) -> List[h1]
import core/vec/to_list as to_list(Vec[w10]) -> List[w10]
import core/traversable/sequence as sequence(o[p[r]]) -> p[o[r]]
import core/io/println as println(g) -> Unit
import core/option/Some as Some(b) -> Option[b]
import core/result/Ok as Ok(d) -> Result[c, d]
import core/result/Err as Err(c) -> Result[c, d]
import core/list/Cons as Cons(e, List[e]) -> List[e]

fn move_x() -> Point =
  let v0: Point = construct Point(1, 2)
  let v1: Int = project v0.1
  let v2: Point = construct Point(42, v1)
  v2
