---
source: crates/ir/tests/ir/lower.rs
expression: ir_module.to_string()
---
module stdlib__map_option_values

import core/peek/peek as peek(d) -> d
import core/list/last as last(List[f3]) -> Option[f3]
import core/list/sort_by as sort_by(List[k5], (k5) -> z4) -> List[k5]
import core/list/filter as filter(List[g1], (g1) -> Bool) -> List[g1]
import core/list/fold as fold(List[t1], u1, (u1, t1) -> u1) -> u1
import core/list/map as map(List[v], (v) -> x) -> List[x]
import core/vec/to_list as to_list(Vec[q10]) -> List[q10]
import core/io/println as println(g) -> Unit
import core/option/Some as Some(b) -> Option[b]
import core/result/Ok as Ok(d) -> Result[c, d]
import core/result/Err as Err(c) -> Result[c, d]
import core/list/Cons as Cons(e, List[e]) -> List[e]
import core/map/empty as empty() -> Map[o8, p8]
import core/map/put as put(Map[g9, h9], g9, h9) -> Map[g9, h9]
import core/map/put as put(~MapBuilder[q9, r9], q9, r9) -> ~MapBuilder[q9, r9]
import core/map/get as get(Map[d10, p10], d10) -> Option[p10]
import core/option/Some as Some(c) -> Option[c]
declare empty: () -> Map[o8, p8]
declare get: (Map[d10, p10], d10) -> Option[p10]
declare println: (g) -> Unit
declare put: (Map[g9, h9], g9, h9) -> Map[g9, h9]

fn main() -> Unit =
  let v1: Map[String, Option[Int]] = call empty()
  let v2: Option[Int] = construct Option::Some#0(42)
  let v3: Dict[core/eq.Eq, String] = get_dict core/eq.Eq[String]
  let v4: Dict[core/hash.Hash, String] = get_dict core/hash.Hash[String]
  let v5: Map[String, Option[Int]] = call put(v3, v4, v1, "some", v2)
  let v6: Option[Int] = construct Option::None#1()
  let v7: Dict[core/eq.Eq, String] = get_dict core/eq.Eq[String]
  let v8: Dict[core/hash.Hash, String] = get_dict core/hash.Hash[String]
  let v0: Map[String, Option[Int]] = call put(v7, v8, v5, "none", v6)
  let v9: Dict[core/eq.Eq, String] = get_dict core/eq.Eq[String]
  let v10: Dict[core/hash.Hash, String] = get_dict core/hash.Hash[String]
  let v11: Option[Option[Int]] = call get(v9, v10, v0, "some")
  let v12: Dict[core/show.Show, Int] = get_dict core/show.Show[Int]
  let v13: Dict[core/show.Show, Option[Int]] = make_dict core/show.Show[Option[Int]](v12)
  let v14: Dict[core/show.Show, Option[Option[Int]]] = make_dict core/show.Show[Option[Option[Int]]](v13)
  let v15: Unit = call println(v14, v11)
  let v16: Dict[core/eq.Eq, String] = get_dict core/eq.Eq[String]
  let v17: Dict[core/hash.Hash, String] = get_dict core/hash.Hash[String]
  let v18: Option[Option[Int]] = call get(v16, v17, v0, "none")
  let v19: Dict[core/show.Show, Int] = get_dict core/show.Show[Int]
  let v20: Dict[core/show.Show, Option[Int]] = make_dict core/show.Show[Option[Int]](v19)
  let v21: Dict[core/show.Show, Option[Option[Int]]] = make_dict core/show.Show[Option[Option[Int]]](v20)
  let v22: Unit = call println(v21, v18)
  let v26: Dict[core/eq.Eq, String] = get_dict core/eq.Eq[String]
  let v27: Dict[core/hash.Hash, String] = get_dict core/hash.Hash[String]
  let v28: Option[Option[Int]] = call get(v26, v27, v0, "missing")
  let v23: Dict[core/show.Show, Int] = get_dict core/show.Show[Int]
  let v24: Dict[core/show.Show, Option[Int]] = make_dict core/show.Show[Option[Int]](v23)
  let v25: Dict[core/show.Show, Option[Option[Int]]] = make_dict core/show.Show[Option[Option[Int]]](v24)
  let v29: Unit = call println(v25, v28)
  v29
