---
source: crates/ir/tests/ir/lower.rs
expression: ir_module.to_string()
---
module disposable__disposable_shadow_same_scope

type H1 = MkH1#0
type H2 = MkH2#0
instance core/disposable.Disposable[H1] { dispose=Disposable$$H1$$dispose }
instance core/disposable.Disposable[H2] { dispose=Disposable$$H2$$dispose }
extern java "krypton.runtime.KryptonIO" println(b12) -> Unit
import core/peek/peek as peek(d) -> d
import core/list/last as last(List[i4]) -> Option[i4]
import core/list/sort_by as sort_by(List[n6], (n6) -> c6) -> List[n6]
import core/list/filter as filter(List[h1], (h1) -> Bool) -> List[h1]
import core/vec/to_list as to_list(Vec[a12]) -> List[a12]
import core/option/Some as Some(b) -> Option[b]
import core/result/Ok as Ok(d) -> Result[c, d]
import core/result/Err as Err(c) -> Result[c, d]
import core/list/Cons as Cons(e, List[e]) -> List[e]
declare panic
declare println: (b12) -> Unit

fn main() -> Unit =
  let v1: ~H1 = construct H1::MkH1#0()
  let v0: ~H1 = v1
  let v2: Unit = call println("open1")
  let v4: ~H2 = construct H2::MkH2#0()
  let v3: ~H2 = v4
  let v7: Dict[core/disposable.Disposable, H1] = get_dict core/disposable.Disposable[H1]
  auto_close[H1](v0, dict=v7, null=true)
  let v5: Unit = call println("open2")
  let v6: Never = call panic("boom")
  let v8: Dict[core/disposable.Disposable, H2] = get_dict core/disposable.Disposable[H2]
  auto_close[H2](v3, dict=v8, null=true)
  v6

fn Disposable$$H1$$dispose(v9: ~H1) -> Unit =
  switch v9 {
    0 ->
      let v10: Unit = call println("close1")
      v10
  }

fn Disposable$$H2$$dispose(v11: ~H2) -> Unit =
  switch v11 {
    0 ->
      let v12: Unit = call println("close2")
      v12
  }
