---
source: crates/ir/tests/ir/lower.rs
expression: ir_module.to_string()
---
module ownership__own_fn_runtime_returned

import core/peek/peek as peek(d) -> d
import core/list/last as last(List[f3]) -> Option[f3]
import core/list/sort_by as sort_by(List[k5], (k5) -> z4) -> List[k5]
import core/list/filter as filter(List[g1], (g1) -> Bool) -> List[g1]
import core/list/fold as fold(List[t1], u1, (u1, t1) -> u1) -> u1
import core/list/map as map(List[v], (v) -> x) -> List[x]
import core/vec/to_list as to_list(Vec[q10]) -> List[q10]
import core/io/println as println(g) -> Unit
import core/option/Some as Some(b) -> Option[b]
import core/result/Ok as Ok(d) -> Result[c, d]
import core/result/Err as Err(c) -> Result[c, d]
import core/list/Cons as Cons(e, List[e]) -> List[e]
declare println: (g) -> Unit

fn make_fn(v0: ~Option[String]) -> ~() -> String =
  let v3: ~() -> String = make_closure(lambda$27, [v0])
  v3

fn main() -> Unit =
  let v5: ~Option[String] = construct Option::Some#0("hello")
  let v6: ~() -> String = call make_fn(v5)
  let v7: String = call_closure v6()
  let v4: Dict[core/show.Show, String] = get_dict core/show.Show[String]
  let v8: Unit = call println(v4, v7)
  v8

fn lambda$27(v1: ~Option[String]) -> String =
  switch v1 {
    0 (v2: String) ->
      v2
    1 ->
      ""
  }
