---
source: crates/ir/tests/ir/lower.rs
expression: ir_module.to_string()
---
module stdlib__map_vec_accessors

import core/option/Some as Some(b) -> Option[b]
import core/result/Ok as Ok(d) -> Result[c, d]
import core/result/Err as Err(c) -> Result[c, d]
import core/list/Cons as Cons(e, List[e]) -> List[e]
import core/peek/peek as peek(d) -> d
import core/list/last as last(List[e3]) -> Option[e3]
import core/list/sort_by as sort_by(List[j5], (j5) -> y4) -> List[j5]
import core/list/filter as filter(List[h1], (h1) -> Bool) -> List[h1]
import core/vec/to_list as to_list(Vec[w10]) -> List[w10]
import core/traversable/sequence as sequence(o[p[r]]) -> p[o[r]]
import core/io/println as println(g) -> Unit
import core/map/empty as empty() -> Map[a9, b9]
import core/map/put as put(Map[s9, t9], s9, t9) -> Map[s9, t9]
import core/map/put as put(~MapBuilder[c10, d10], c10, d10) -> ~MapBuilder[c10, d10]
import core/map/keys as keys(Map[w11, u11]) -> Vec[w11]
import core/map/values as values(Map[a12, e12]) -> Vec[e12]
import core/map/entries as entries(Map[g13, h13]) -> Vec[(g13, h13)]
import core/vec/len as len(Vec[j7]) -> Int
import core/vec/nth as nth(Vec[y7], Int) -> Option[y7]
import core/option/Some as Some(f) -> Option[f]
declare empty: () -> Map[a9, b9]
declare entries: (Map[g13, h13]) -> Vec[(g13, h13)]
declare keys: (Map[w11, u11]) -> Vec[w11]
declare len: (Vec[j7]) -> Int
declare println: (g) -> Unit
declare put: (Map[s9, t9], s9, t9) -> Map[s9, t9]
declare values: (Map[a12, e12]) -> Vec[e12]

fn add_pair_val(v0: Int, v1: (String, Int)) -> Int =
  let v2: String = tuple_project v1.0
  let v3: Int = tuple_project v1.1
  let v4: Int = add_int(v0, v3)
  v4

fn main() -> Unit =
  let v6: Map[String, Int] = call empty()
  let v7: Dict[core/eq.Eq, String] = get_dict core/eq.Eq[String]
  let v8: Dict[core/hash.Hash, String] = get_dict core/hash.Hash[String]
  let v9: Map[String, Int] = call put(v7, v8, v6, "a", 1)
  let v10: Dict[core/eq.Eq, String] = get_dict core/eq.Eq[String]
  let v11: Dict[core/hash.Hash, String] = get_dict core/hash.Hash[String]
  let v12: Map[String, Int] = call put(v10, v11, v9, "b", 2)
  let v13: Dict[core/eq.Eq, String] = get_dict core/eq.Eq[String]
  let v14: Dict[core/hash.Hash, String] = get_dict core/hash.Hash[String]
  let v5: Map[String, Int] = call put(v13, v14, v12, "c", 3)
  let v15: Vec[String] = call keys(v5)
  let v16: Int = call len(v15)
  let v17: Dict[core/show.Show, Int] = get_dict core/show.Show[Int]
  let v18: Unit = call println(v17, v16)
  let v19: Vec[Int] = call values(v5)
  let v23: (Int, Int) -> Int = make_closure(lambda$39, [])
  let v24: Dict[core/foldable.Foldable, Vec] = get_dict core/foldable.Foldable[Vec]
  let v25: Int = trait_call core/foldable.Foldable.fold(v24, v19, 0, v23)
  let v26: Dict[core/show.Show, Int] = get_dict core/show.Show[Int]
  let v27: Unit = call println(v26, v25)
  let v29: Vec[(String, Int)] = call entries(v5)
  let v30: (Int, (String, Int)) -> Int = make_closure(add_pair_val, [])
  let v31: Dict[core/foldable.Foldable, Vec] = get_dict core/foldable.Foldable[Vec]
  let v32: Int = trait_call core/foldable.Foldable.fold(v31, v29, 0, v30)
  let v28: Dict[core/show.Show, Int] = get_dict core/show.Show[Int]
  let v33: Unit = call println(v28, v32)
  v33

fn lambda$39(v20: Int, v21: Int) -> Int =
  let v22: Int = add_int(v20, v21)
  v22
