---
source: crates/ir/tests/ir/lower.rs
expression: ir_module.to_string()
---
module actors__ask_ok

type Msg = Get#0(Ref[Int])
extern java "krypton.runtime.KryptonIO" println(d11) -> Unit
import core/peek/peek as peek(d) -> d
import core/list/last as last(List[p3]) -> Option[p3]
import core/list/sort_by as sort_by(List[u5], (u5) -> j5) -> List[u5]
import core/list/filter as filter(List[f1], (f1) -> Bool) -> List[f1]
import core/list/fold as fold(List[s1], u1, (u1, s1) -> u1) -> u1
import core/list/map as map(List[u], (u) -> w) -> List[w]
import core/vec/to_list as to_list(Vec[x7]) -> List[x7]
import core/option/Some as Some(b) -> Option[b]
import core/result/Ok as Ok(d) -> Result[c, d]
import core/result/Err as Err(c) -> Result[c, d]
import core/list/Cons as Cons(e, List[e]) -> List[e]
import core/actor/spawn as spawn((Mailbox[y8]) -> Unit) -> Ref[y8]
import core/actor/send as send(Ref[b9], b9) -> Unit
import core/actor/receive as receive(Mailbox[k9]) -> k9
import core/actor/ask as ask(Ref[o10], (Ref[c11]) -> o10, Int) -> Result[Timeout, c11]
declare ask: (Ref[o10], (Ref[c11]) -> o10, Int) -> Result[Timeout, c11]
declare println: (d11) -> Unit
declare receive: (Mailbox[k9]) -> k9
declare send: (Ref[b9], b9) -> Unit
declare spawn: ((Mailbox[y8]) -> Unit) -> Ref[y8]

fn value_actor(v0: Mailbox[Msg]) -> Unit =
  let v1: Msg = call receive(v0)
  switch v1 {
    0 (v2: Ref[Int]) ->
      let v3: Unit = call send(v2, 42)
      v3
  }

fn main() -> Unit =
  let v5: (Mailbox[Msg]) -> Unit = make_closure(value_actor, [])
  let v4: Ref[Msg] = call spawn(v5)
  let v8: (Ref[Int]) -> Msg = make_closure(ctor$Get$32, [])
  let v9: Result[Timeout, Int] = call ask(v4, v8, 5000)
  switch v9 {
    0 (v10: Int) ->
      let v11: Unit = call println(v10)
      v11
    1 (v12: c) ->
      switch v12 {
        0 ->
          let v13: Unit = call println("timeout")
          v13
      }
  }

fn ctor$Get$32(v6: Ref[Int]) -> Msg =
  let v7: Msg = construct Msg::Get#0(v6)
  v7
