---
source: crates/ir/tests/ir/lower.rs
expression: ir_module.to_string()
---
module hkt__partial_apply_functor

type Result[a, b] = Ok#0(b) | Err#1(a)
trait Functor[d11] { fmap(d11[e11], (e11) -> f11): d11[f11] }
instance hkt__partial_apply_functor.Functor[Result$$Var0$$Var1] { fmap=Functor$$Result$$Var0$$Var1$$fmap }
import core/peek/peek as peek(d) -> d
import core/list/last as last(List[f3]) -> Option[f3]
import core/list/sort_by as sort_by(List[k5], (k5) -> z4) -> List[k5]
import core/list/filter as filter(List[g1], (g1) -> Bool) -> List[g1]
import core/list/fold as fold(List[t1], u1, (u1, t1) -> u1) -> u1
import core/list/map as map(List[v], (v) -> x) -> List[x]
import core/vec/to_list as to_list(Vec[q10]) -> List[q10]
import core/io/println as println(g) -> Unit
import core/option/Some as Some(b) -> Option[b]
import core/result/Ok as Ok(d) -> Result[c, d]
import core/result/Err as Err(c) -> Result[c, d]
import core/list/Cons as Cons(e, List[e]) -> List[e]

fn double_ok(v0: Result[String, Int]) -> Result[String, Int] =
  let v4: (Int) -> Int = make_closure(lambda$27, [])
  let v1: Dict[hkt__partial_apply_functor.Functor, Result[String]] = get_dict hkt__partial_apply_functor.Functor[Result[String]]
  let v5: Result[String, Int] = trait_call hkt__partial_apply_functor.Functor.fmap(v1, v0, v4)
  v5

fn Functor$$Result$$Var0$$Var1$$fmap(v6: Result[b12, c12], v7: (c12) -> e12) -> Result[b12, e12] =
  switch v6 {
    0 (v8: c12) ->
      let v9: e12 = call_closure v7(v8)
      let v10: Result[b12, e12] = construct Result::Ok#0(v9)
      v10
    1 (v11: b12) ->
      let v12: Result[b12, e12] = construct Result::Err#1(v11)
      v12
  }

fn lambda$27(v2: Int) -> Int =
  let v3: Int = mul_int(v2, 2)
  v3
