---
source: crates/ir/tests/ir/lower.rs
expression: ir_module.to_string()
---
module stdlib__map_immutable

import core/peek/peek as peek(d) -> d
import core/list/last as last(List[e3]) -> Option[e3]
import core/list/sort_by as sort_by(List[j5], (j5) -> y4) -> List[j5]
import core/list/filter as filter(List[h1], (h1) -> Bool) -> List[h1]
import core/vec/to_list as to_list(Vec[w10]) -> List[w10]
import core/io/println as println(g) -> Unit
import core/option/Some as Some(b) -> Option[b]
import core/result/Ok as Ok(d) -> Result[c, d]
import core/result/Err as Err(c) -> Result[c, d]
import core/list/Cons as Cons(e, List[e]) -> List[e]
import core/map/empty as empty() -> Map[a9, b9]
import core/map/put as put(Map[s9, t9], s9, t9) -> Map[s9, t9]
import core/map/put as put(~MapBuilder[c10, d10], c10, d10) -> ~MapBuilder[c10, d10]
import core/map/contains as contains(Map[l11, m11], l11) -> Bool
declare contains: (Map[l11, m11], l11) -> Bool
declare empty: () -> Map[a9, b9]
declare println: (g) -> Unit
declare put: (Map[s9, t9], s9, t9) -> Map[s9, t9]

fn main() -> Unit =
  let v0: Map[z11, a12] = call empty()
  let v2: Dict[core/eq.Eq, String] = get_dict core/eq.Eq[String]
  let v3: Dict[core/hash.Hash, String] = get_dict core/hash.Hash[String]
  let v1: Map[String, Int] = call put(v2, v3, v0, "x", 1)
  let v4: Dict[core/eq.Eq, String] = get_dict core/eq.Eq[String]
  let v5: Dict[core/hash.Hash, String] = get_dict core/hash.Hash[String]
  let v6: Bool = call contains(v4, v5, v0, "x")
  let v7: Dict[core/show.Show, Bool] = get_dict core/show.Show[Bool]
  let v8: Unit = call println(v7, v6)
  let v10: Dict[core/eq.Eq, String] = get_dict core/eq.Eq[String]
  let v11: Dict[core/hash.Hash, String] = get_dict core/hash.Hash[String]
  let v12: Bool = call contains(v10, v11, v1, "x")
  let v9: Dict[core/show.Show, Bool] = get_dict core/show.Show[Bool]
  let v13: Unit = call println(v9, v12)
  v13
