---
source: crates/ir/tests/ir/lower.rs
expression: ir_module.to_string()
---
module extern__extern_trait_multi_method

struct MyHandler { name: String }
trait Callback[j8] { on_failure(j8, String): Unit; on_response(j8, String): Unit }
instance extern__extern_trait_multi_method.Callback[MyHandler] { on_failure=Callback$$MyHandler$$on_failure, on_response=Callback$$MyHandler$$on_response }
import core/peek/peek as peek(e) -> e
import core/list/last as last(List[q3]) -> Option[q3]
import core/list/sort_by as sort_by(List[v5], (v5) -> k5) -> List[v5]
import core/list/filter as filter(List[g1], (g1) -> Bool) -> List[g1]
import core/list/fold as fold(List[t1], v1, (v1, t1) -> v1) -> v1
import core/list/map as map(List[v], (v) -> x) -> List[x]
import core/vec/to_list as to_list(Vec[y7]) -> List[y7]
import core/io/println as println(h) -> Unit
import core/option/Some as Some(c) -> Option[c]
import core/result/Ok as Ok(e) -> Result[d, e]
import core/result/Err as Err(d) -> Result[d, e]
import core/list/Cons as Cons(f, List[f]) -> List[f]
declare println: (h) -> Unit

fn handle(v0: Dict[extern__extern_trait_multi_method.Callback, l8], v1: l8) -> Unit =
  let v2: Unit = trait_call extern__extern_trait_multi_method.Callback.on_failure(v0, v1, "test")
  v2

fn main() -> Unit =
  let v4: MyHandler = construct MyHandler("h1")
  let v3: Dict[extern__extern_trait_multi_method.Callback, MyHandler] = get_dict extern__extern_trait_multi_method.Callback[MyHandler]
  let v5: Unit = call handle(v3, v4)
  v5

fn Callback$$MyHandler$$on_failure(v6: MyHandler, v7: String) -> Unit =
  let v8: Dict[core/show.Show, String] = get_dict core/show.Show[String]
  let v9: Unit = call println(v8, v7)
  v9

fn Callback$$MyHandler$$on_response(v10: MyHandler, v11: String) -> Unit =
  let v12: Dict[core/show.Show, String] = get_dict core/show.Show[String]
  let v13: Unit = call println(v12, v11)
  v13
