---
source: crates/ir/tests/ir/lower.rs
expression: ir_module.to_string()
---
module shape_impl__shape_impl_three_params

trait Zip3[a9] { pick_first(a9, b9, c9): a9 }
instance shape_impl__shape_impl_three_params.Zip3[$Var0$$$Var0$$$Var0] { pick_first=Zip3$$$Var0$$$Var0$$$Var0$$pick_first }
import core/peek/peek as peek(d) -> d
import core/list/last as last(List[n3]) -> Option[n3]
import core/list/sort_by as sort_by(List[s5], (s5) -> h5) -> List[s5]
import core/list/filter as filter(List[f1], (f1) -> Bool) -> List[f1]
import core/list/fold as fold(List[s1], t1, (t1, s1) -> t1) -> t1
import core/list/map as map(List[u], (u) -> w) -> List[w]
import core/vec/to_list as to_list(Vec[p8]) -> List[p8]
import core/io/println as println(g) -> Unit
import core/option/Some as Some(b) -> Option[b]
import core/result/Ok as Ok(d) -> Result[c, d]
import core/result/Err as Err(c) -> Result[c, d]
import core/list/Cons as Cons(e, List[e]) -> List[e]
fn Zip3$$$Var0$$$Var0$$$Var0$$pick_first(v0: g9, v1: h9, v2: i9) -> g9 =
  v0
