---
source: crates/ir/tests/ir/lower.rs
expression: ir_module.to_string()
---
module tuples__tuple_return

import core/peek/peek as peek(d) -> d
import core/list/last as last(List[n3]) -> Option[n3]
import core/list/sort_by as sort_by(List[s5], (s5) -> h5) -> List[s5]
import core/list/filter as filter(List[f1], (f1) -> Bool) -> List[f1]
import core/list/fold as fold(List[s1], t1, (t1, s1) -> t1) -> t1
import core/list/map as map(List[u], (u) -> w) -> List[w]
import core/vec/to_list as to_list(Vec[n10]) -> List[n10]
import core/io/println as println(g) -> Unit
import core/option/Some as Some(b) -> Option[b]
import core/result/Ok as Ok(d) -> Result[c, d]
import core/result/Err as Err(c) -> Result[c, d]
import core/list/Cons as Cons(e, List[e]) -> List[e]
declare println: (g) -> Unit

fn make_pair() -> (Int, String) =
  let v0: (Int, String) = tuple(3, "hello")
  v0

fn main() -> Unit =
  let v1: (Int, String) = call make_pair()
  let v2: Int = tuple_project v1.0
  let v3: String = tuple_project v1.1
  let v4: Dict[core/show.Show, Int] = get_dict core/show.Show[Int]
  let v5: Unit = call println(v4, v2)
  v5
