---
source: crates/ir/tests/ir/lower.rs
expression: ir_module.to_string()
---
module stdlib__map_operations

import core/peek/peek as peek(d) -> d
import core/list/last as last(List[f3]) -> Option[f3]
import core/list/sort_by as sort_by(List[k5], (k5) -> z4) -> List[k5]
import core/list/filter as filter(List[g1], (g1) -> Bool) -> List[g1]
import core/list/fold as fold(List[t1], u1, (u1, t1) -> u1) -> u1
import core/list/map as map(List[v], (v) -> x) -> List[x]
import core/vec/to_list as to_list(Vec[q10]) -> List[q10]
import core/io/println as println(g) -> Unit
import core/option/Some as Some(b) -> Option[b]
import core/result/Ok as Ok(d) -> Result[c, d]
import core/result/Err as Err(c) -> Result[c, d]
import core/list/Cons as Cons(e, List[e]) -> List[e]
import core/map/empty as empty() -> Map[o8, p8]
import core/map/put as put(Map[g9, h9], g9, h9) -> Map[g9, h9]
import core/map/put as put(~MapBuilder[q9, r9], q9, r9) -> ~MapBuilder[q9, r9]
import core/map/delete as delete(Map[v10, w10], v10) -> Map[v10, w10]
import core/map/contains as contains(Map[z10, a11], z10) -> Bool
import core/map/size as size(Map[c14, d14]) -> Int
declare contains: (Map[z10, a11], z10) -> Bool
declare delete: (Map[v10, w10], v10) -> Map[v10, w10]
declare empty: () -> Map[o8, p8]
declare println: (g) -> Unit
declare put: (Map[g9, h9], g9, h9) -> Map[g9, h9]
declare size: (Map[c14, d14]) -> Int

fn main() -> Unit =
  let v1: Map[String, Int] = call empty()
  let v2: Dict[core/eq.Eq, String] = get_dict core/eq.Eq[String]
  let v3: Dict[core/hash.Hash, String] = get_dict core/hash.Hash[String]
  let v4: Map[String, Int] = call put(v2, v3, v1, "a", 10)
  let v5: Dict[core/eq.Eq, String] = get_dict core/eq.Eq[String]
  let v6: Dict[core/hash.Hash, String] = get_dict core/hash.Hash[String]
  let v0: Map[String, Int] = call put(v5, v6, v4, "b", 11)
  let v7: Dict[core/eq.Eq, String] = get_dict core/eq.Eq[String]
  let v8: Dict[core/hash.Hash, String] = get_dict core/hash.Hash[String]
  let v9: Bool = call contains(v7, v8, v0, "a")
  let v10: Dict[core/show.Show, Bool] = get_dict core/show.Show[Bool]
  let v11: Unit = call println(v10, v9)
  let v13: Dict[core/eq.Eq, String] = get_dict core/eq.Eq[String]
  let v14: Dict[core/hash.Hash, String] = get_dict core/hash.Hash[String]
  let v12: Map[String, Int] = call delete(v13, v14, v0, "a")
  let v15: Dict[core/eq.Eq, String] = get_dict core/eq.Eq[String]
  let v16: Dict[core/hash.Hash, String] = get_dict core/hash.Hash[String]
  let v17: Bool = call contains(v15, v16, v12, "a")
  let v18: Dict[core/show.Show, Bool] = get_dict core/show.Show[Bool]
  let v19: Unit = call println(v18, v17)
  let v21: Int = call size(v0)
  let v20: Dict[core/show.Show, Int] = get_dict core/show.Show[Int]
  let v22: Unit = call println(v20, v21)
  v22
