---
source: crates/ir/tests/ir/lower.rs
expression: ir_module.to_string()
---
module ownership__match_borrow_scrutinee_reuse_after

type Payload = Open#0(~String) | Closed#1
import core/option/Some as Some(b) -> Option[b]
import core/result/Ok as Ok(d) -> Result[c, d]
import core/result/Err as Err(c) -> Result[c, d]
import core/list/Cons as Cons(e, List[e]) -> List[e]
import core/peek/peek as peek(d) -> d
import core/list/last as last(List[e3]) -> Option[e3]
import core/list/sort_by as sort_by(List[j5], (j5) -> y4) -> List[j5]
import core/list/filter as filter(List[h1], (h1) -> Bool) -> List[h1]
import core/vec/to_list as to_list(Vec[w10]) -> List[w10]
import core/traversable/sequence as sequence(o[p[r]]) -> p[o[r]]
import core/io/println as println(g) -> Unit

fn tag(v0: ~Payload) -> Int =
  1

fn drain(v1: ~Payload) -> Int =
  let_join v5(v3: Int) =
    let v4: Int = call tag(v1)
    v4
  in
  switch v1 {
    0 (v2: ~String) ->
      jump v5(0)
    1 ->
      jump v5(0)
  }
