---
source: crates/ir/tests/ir/lower.rs
expression: ir_module.to_string()
---
module traits__superclass_chain

struct Num { n: Int }
instance core/eq.Eq[Num] { eq=Eq$$Num$$eq }
instance core/ord.Ord[Num] { lt=Ord$$Num$$lt }
import core/option/Some as Some(b) -> Option[b]
import core/result/Ok as Ok(d) -> Result[c, d]
import core/result/Err as Err(c) -> Result[c, d]
import core/list/Cons as Cons(e, List[e]) -> List[e]
import core/peek/peek as peek(d) -> d
import core/list/last as last(List[e3]) -> Option[e3]
import core/list/sort_by as sort_by(List[j5], (j5) -> y4) -> List[j5]
import core/list/filter as filter(List[h1], (h1) -> Bool) -> List[h1]
import core/vec/to_list as to_list(Vec[w10]) -> List[w10]
import core/traversable/sequence as sequence(o[p[r]]) -> p[o[r]]
import core/io/println as println(g) -> Unit
declare println: (g) -> Unit

fn is_less(v0: Dict[core/ord.Ord, o11], v1: o11, v2: o11) -> Bool =
  let v3: Bool = trait_call core/ord.Ord.lt(v0, v1, v2)
  v3

fn main() -> Unit =
  let v5: Num = construct Num(1)
  let v6: Num = construct Num(2)
  let v7: Dict[core/ord.Ord, Num] = get_dict core/ord.Ord[Num]
  let v8: Bool = call is_less(v7, v5, v6)
  let v4: Dict[core/show.Show, Bool] = get_dict core/show.Show[Bool]
  let v9: Unit = call println(v4, v8)
  v9

fn Eq$$Num$$eq(v10: Num, v11: Num) -> Bool =
  let v12: Dict[core/eq.Eq, Int] = get_dict core/eq.Eq[Int]
  let v13: Int = project v10.0
  let v14: Int = project v11.0
  let v15: Bool = trait_call core/eq.Eq.eq(v12, v13, v14)
  v15

fn Ord$$Num$$lt(v16: Num, v17: Num) -> Bool =
  let v18: Dict[core/ord.Ord, Int] = get_dict core/ord.Ord[Int]
  let v19: Int = project v16.0
  let v20: Int = project v17.0
  let v21: Bool = trait_call core/ord.Ord.lt(v18, v19, v20)
  v21
