---
source: crates/ir/tests/ir/lower.rs
expression: ir_module.to_string()
---
module disposable__disposable_consumed

type Handle = MkHandle#0(String)
instance core/disposable.Disposable[Handle] { dispose=Disposable$$Handle$$dispose }
extern java "krypton.runtime.KryptonIO" println(z7) -> Unit
import core/peek/peek as peek(e) -> e
import core/list/last as last(List[q3]) -> Option[q3]
import core/list/sort_by as sort_by(List[v5], (v5) -> k5) -> List[v5]
import core/list/filter as filter(List[g1], (g1) -> Bool) -> List[g1]
import core/list/fold as fold(List[t1], v1, (v1, t1) -> v1) -> v1
import core/list/map as map(List[v], (v) -> x) -> List[x]
import core/vec/to_list as to_list(Vec[y7]) -> List[y7]
import core/option/Some as Some(c) -> Option[c]
import core/result/Ok as Ok(e) -> Result[d, e]
import core/result/Err as Err(d) -> Result[d, e]
import core/list/Cons as Cons(f, List[f]) -> List[f]
declare println: (z7) -> Unit

fn main() -> Unit =
  let v0: ~Handle = construct Handle::MkHandle#0("test")
  let v1: Unit = call println("opened")
  let v2: Dict[core/disposable.Disposable, Handle] = get_dict core/disposable.Disposable[Handle]
  let v3: Unit = trait_call core/disposable.Disposable.dispose(v2, v0)
  v3

fn Disposable$$Handle$$dispose(v4: ~Handle) -> Unit =
  let v5: Unit = call println("manual_close")
  v5
