---
source: crates/ir/tests/ir/lower.rs
expression: ir_module.to_string()
---
module modules__use_math

extern java "krypton.runtime.KryptonIO" println(z7) -> Unit
import core/peek/peek as peek(e) -> e
import core/list/last as last(List[q3]) -> Option[q3]
import core/list/sort_by as sort_by(List[v5], (v5) -> k5) -> List[v5]
import core/list/filter as filter(List[g1], (g1) -> Bool) -> List[g1]
import core/list/fold as fold(List[t1], v1, (v1, t1) -> v1) -> v1
import core/list/map as map(List[v], (v) -> x) -> List[x]
import core/vec/to_list as to_list(Vec[y7]) -> List[y7]
import core/option/Some as Some(c) -> Option[c]
import core/result/Ok as Ok(e) -> Result[d, e]
import core/result/Err as Err(d) -> Result[d, e]
import core/list/Cons as Cons(f, List[f]) -> List[f]
import math/vec/sum as sum(Int, Int) -> Int
declare println: (z7) -> Unit
declare sum: (Int, Int) -> Int

fn main() -> Unit =
  let v0: Int = call sum(3, 5)
  let v1: Unit = call println(v0)
  v1
