---
source: crates/typechecker/tests/diagnostics_test.rs
expression: output
---
[E0104] Error: ownership mismatch: expected `~String`, found `String`
   ╭─[ ../../tests/fixtures/m6/qualifier_dup_error.kr:4:1 ]
   │
 4 │ fun test(buf: ~String) -> (~String, ~String) = dup(buf)
   │ ───────────────────────────┬───────────────────────────  
   │                            ╰───────────────────────────── E0104: ownership mismatch: expected `~String`, found `String`
   │ 
   │ Help: a `~` (owned) value must be passed to a parameter that requires ownership
───╯
