---
source: crates/typechecker/tests/fixture_test.rs
expression: snapshot
---
eq: forall f. fn(f, f) -> Bool
lt: forall g. fn(g, g) -> Bool
combine: forall f. fn(f, f) -> f
sub: forall f. fn(f, f) -> f
mul: forall f. fn(f, f) -> f
div: forall f. fn(f, f) -> f
neg: forall f. fn(f) -> f
show: forall f. fn(f) -> String
hash: forall f. fn(f) -> Int
close: forall f. fn(own f) -> Unit
peek: forall g. fn(g) -> g
println: forall l. fn(l) -> Unit
Some: forall e. fn(e) -> Option[e]
None: forall e. Option[e]
Ok: forall f g. fn(g) -> Result[f, g]
Err: forall f g. fn(f) -> Result[f, g]
Cons: forall h. fn(h, List[h]) -> List[h]
Nil: forall h. List[h]
LT: Ordering
EQ: Ordering
GT: Ordering
empty: forall f3 g3. fn() -> Map[f3, g3]
put: forall k3 l3. fn(Map[k3, l3], k3, l3) -> Map[k3, l3]
get: forall d4 e4. fn(Map[d4, e4], d4) -> Option[e4]
contains: forall b5 c5. fn(Map[b5, c5], b5) -> Bool
from_list: forall s7 t7. fn(List[(s7, t7)]) -> Map[s7, t7]
size: forall z7 a8. fn(Map[z7, a8]) -> Int
main: fn() -> Unit
